15:12:44 **** Incremental Build of configuration Debug for project lcd ****
make all 
make: Nothing to be done for `all'.
15:12:49 **** Incremental Build of configuration Debug for project lcd ****
make all 
make: Nothing to be done for `all'.
15:12:50 **** Incremental Build of configuration Debug for project demoTriState ****
make all 
make: Nothing to be done for `all'.
15:13:43 **** Auto Build of configuration Debug for project lcd ****
make all 
Building file: ../src/testperiph.c
Invoking: MicroBlaze gcc compiler
mb-gcc -Wall -O0 -g3 -c -fmessage-length=0 -I../../lcd_bsp/microblaze_0/include -mlittle-endian -mcpu=v9.3 -mxl-soft-mul -Wl,--no-relax -ffunction-sections -fdata-sections -MMD -MP -MF"src/testperiph.d" -MT"src/testperiph.d" -o "src/testperiph.o" "../src/testperiph.c"
../src/testperiph.c: In function 'main':
../src/testperiph.c:68:19: warning: unused variable 'axi_timer_0_Timer' [-Wunused-variable]
    static XTmrCtr axi_timer_0_Timer;
                   ^
../src/testperiph.c:67:17: warning: unused variable 'intc' [-Wunused-variable]
    static XIntc intc;
                 ^
Finished building: ../src/testperiph.c
 
Building target: lcd.elf
Invoking: MicroBlaze gcc linker
mb-gcc -Wl,-T -Wl,../src/lscript.ld -L../../lcd_bsp/microblaze_0/lib -mlittle-endian -mcpu=v9.3 -mxl-soft-mul -Wl,--no-relax -Wl,--gc-sections -o "lcd.elf"  ./src/testperiph.o ./src/xgpio_tapp_example.o ./src/xintc_tapp_example.o ./src/xtmrctr_intr_example.o ./src/xtmrctr_selftest_example.o   -Wl,--start-group,-lxil,-lgcc,-lc,--end-group
Finished building target: lcd.elf
 
Invoking: MicroBlaze Print Size
mb-size lcd.elf  |tee "lcd.elf.size"
   text	   data	    bss	    dec	    hex	filename
   7456	    344	   2088	   9888	   26a0	lcd.elf
Finished building: lcd.elf.size
 
15:13:45 **** Incremental Build of configuration Debug for project lcd ****
make all 
make: Nothing to be done for `all'.
15:13:46 **** Incremental Build of configuration Debug for project demoTriState ****
make all 
make: Nothing to be done for `all'.
15:14:56 **** Incremental Build of configuration Debug for project lcd ****
make all 
make: Nothing to be done for `all'.
15:14:57 **** Incremental Build of configuration Debug for project demoTriState ****
make all 
make: Nothing to be done for `all'.
15:15:14 **** Incremental Build of configuration Debug for project lcd ****
make all 
make: Nothing to be done for `all'.
15:15:15 **** Incremental Build of configuration Debug for project demoTriState ****
make all 
make: Nothing to be done for `all'.
15:19:45 **** Auto Build of configuration Debug for project lcd ****
make all 
Building file: ../src/testperiph.c
Invoking: MicroBlaze gcc compiler
mb-gcc -Wall -O0 -g3 -c -fmessage-length=0 -I../../lcd_bsp/microblaze_0/include -mlittle-endian -mcpu=v9.3 -mxl-soft-mul -Wl,--no-relax -ffunction-sections -fdata-sections -MMD -MP -MF"src/testperiph.d" -MT"src/testperiph.d" -o "src/testperiph.o" "../src/testperiph.c"
../src/testperiph.c: In function 'main':
../src/testperiph.c:68:19: warning: unused variable 'axi_timer_0_Timer' [-Wunused-variable]
    static XTmrCtr axi_timer_0_Timer;
                   ^
../src/testperiph.c:67:17: warning: unused variable 'intc' [-Wunused-variable]
    static XIntc intc;
                 ^
Finished building: ../src/testperiph.c
 
Building target: lcd.elf
Invoking: MicroBlaze gcc linker
mb-gcc -Wl,-T -Wl,../src/lscript.ld -L../../lcd_bsp/microblaze_0/lib -mlittle-endian -mcpu=v9.3 -mxl-soft-mul -Wl,--no-relax -Wl,--gc-sections -o "lcd.elf"  ./src/testperiph.o ./src/xgpio_tapp_example.o ./src/xintc_tapp_example.o ./src/xtmrctr_intr_example.o ./src/xtmrctr_selftest_example.o   -Wl,--start-group,-lxil,-lgcc,-lc,--end-group
Finished building target: lcd.elf
 
Invoking: MicroBlaze Print Size
mb-size lcd.elf  |tee "lcd.elf.size"
   text	   data	    bss	    dec	    hex	filename
   7460	    344	   2092	   9896	   26a8	lcd.elf
Finished building: lcd.elf.size
 
15:20:03 **** Auto Build of configuration Debug for project lcd ****
make all 
Building file: ../src/testperiph.c
Invoking: MicroBlaze gcc compiler
mb-gcc -Wall -O0 -g3 -c -fmessage-length=0 -I../../lcd_bsp/microblaze_0/include -mlittle-endian -mcpu=v9.3 -mxl-soft-mul -Wl,--no-relax -ffunction-sections -fdata-sections -MMD -MP -MF"src/testperiph.d" -MT"src/testperiph.d" -o "src/testperiph.o" "../src/testperiph.c"
../src/testperiph.c: In function 'main':
../src/testperiph.c:68:19: warning: unused variable 'axi_timer_0_Timer' [-Wunused-variable]
    static XTmrCtr axi_timer_0_Timer;
                   ^
../src/testperiph.c:67:17: warning: unused variable 'intc' [-Wunused-variable]
    static XIntc intc;
                 ^
Finished building: ../src/testperiph.c
 
Building target: lcd.elf
Invoking: MicroBlaze gcc linker
mb-gcc -Wl,-T -Wl,../src/lscript.ld -L../../lcd_bsp/microblaze_0/lib -mlittle-endian -mcpu=v9.3 -mxl-soft-mul -Wl,--no-relax -Wl,--gc-sections -o "lcd.elf"  ./src/testperiph.o ./src/xgpio_tapp_example.o ./src/xintc_tapp_example.o ./src/xtmrctr_intr_example.o ./src/xtmrctr_selftest_example.o   -Wl,--start-group,-lxil,-lgcc,-lc,--end-group
Finished building target: lcd.elf
 
Invoking: MicroBlaze Print Size
mb-size lcd.elf  |tee "lcd.elf.size"
   text	   data	    bss	    dec	    hex	filename
   7460	    344	   2092	   9896	   26a8	lcd.elf
Finished building: lcd.elf.size
 
15:20:22 **** Incremental Build of configuration Debug for project lcd ****
make all 
make: Nothing to be done for `all'.
15:20:23 **** Incremental Build of configuration Debug for project demoTriState ****
make all 
make: Nothing to be done for `all'.
15:23:41 **** Auto Build of configuration Debug for project lcd ****
make all 
Building file: ../src/testperiph.c
Invoking: MicroBlaze gcc compiler
mb-gcc -Wall -O0 -g3 -c -fmessage-length=0 -I../../lcd_bsp/microblaze_0/include -mlittle-endian -mcpu=v9.3 -mxl-soft-mul -Wl,--no-relax -ffunction-sections -fdata-sections -MMD -MP -MF"src/testperiph.d" -MT"src/testperiph.d" -o "src/testperiph.o" "../src/testperiph.c"
../src/testperiph.c: In function 'main':
../src/testperiph.c:68:19: warning: unused variable 'axi_timer_0_Timer' [-Wunused-variable]
    static XTmrCtr axi_timer_0_Timer;
                   ^
../src/testperiph.c:67:17: warning: unused variable 'intc' [-Wunused-variable]
    static XIntc intc;
                 ^
Finished building: ../src/testperiph.c
 
Building target: lcd.elf
Invoking: MicroBlaze gcc linker
mb-gcc -Wl,-T -Wl,../src/lscript.ld -L../../lcd_bsp/microblaze_0/lib -mlittle-endian -mcpu=v9.3 -mxl-soft-mul -Wl,--no-relax -Wl,--gc-sections -o "lcd.elf"  ./src/testperiph.o ./src/xgpio_tapp_example.o ./src/xintc_tapp_example.o ./src/xtmrctr_intr_example.o ./src/xtmrctr_selftest_example.o   -Wl,--start-group,-lxil,-lgcc,-lc,--end-group
Finished building target: lcd.elf
 
Invoking: MicroBlaze Print Size
mb-size lcd.elf  |tee "lcd.elf.size"
   text	   data	    bss	    dec	    hex	filename
   7460	    344	   2092	   9896	   26a8	lcd.elf
Finished building: lcd.elf.size
 
15:23:50 **** Incremental Build of configuration Debug for project lcd ****
make all 
make: Nothing to be done for `all'.
15:23:50 **** Incremental Build of configuration Debug for project demoTriState ****
make all 
make: Nothing to be done for `all'.
15:25:56 **** Auto Build of configuration Debug for project lcd ****
make all 
Building file: ../src/testperiph.c
Invoking: MicroBlaze gcc compiler
mb-gcc -Wall -O0 -g3 -c -fmessage-length=0 -I../../lcd_bsp/microblaze_0/include -mlittle-endian -mcpu=v9.3 -mxl-soft-mul -Wl,--no-relax -ffunction-sections -fdata-sections -MMD -MP -MF"src/testperiph.d" -MT"src/testperiph.d" -o "src/testperiph.o" "../src/testperiph.c"
../src/testperiph.c: In function 'main':
../src/testperiph.c:68:19: warning: unused variable 'axi_timer_0_Timer' [-Wunused-variable]
    static XTmrCtr axi_timer_0_Timer;
                   ^
../src/testperiph.c:67:17: warning: unused variable 'intc' [-Wunused-variable]
    static XIntc intc;
                 ^
Finished building: ../src/testperiph.c
 
Building target: lcd.elf
Invoking: MicroBlaze gcc linker
mb-gcc -Wl,-T -Wl,../src/lscript.ld -L../../lcd_bsp/microblaze_0/lib -mlittle-endian -mcpu=v9.3 -mxl-soft-mul -Wl,--no-relax -Wl,--gc-sections -o "lcd.elf"  ./src/testperiph.o ./src/xgpio_tapp_example.o ./src/xintc_tapp_example.o ./src/xtmrctr_intr_example.o ./src/xtmrctr_selftest_example.o   -Wl,--start-group,-lxil,-lgcc,-lc,--end-group
Finished building target: lcd.elf
 
Invoking: MicroBlaze Print Size
mb-size lcd.elf  |tee "lcd.elf.size"
   text	   data	    bss	    dec	    hex	filename
   7460	    344	   2092	   9896	   26a8	lcd.elf
Finished building: lcd.elf.size
 
15:26:04 **** Incremental Build of configuration Debug for project lcd ****
make all 
make: Nothing to be done for `all'.
15:26:04 **** Incremental Build of configuration Debug for project demoTriState ****
make all 
make: Nothing to be done for `all'.
15:26:33 **** Auto Build of configuration Debug for project lcd ****
make all 
Building file: ../src/testperiph.c
Invoking: MicroBlaze gcc compiler
mb-gcc -Wall -O0 -g3 -c -fmessage-length=0 -I../../lcd_bsp/microblaze_0/include -mlittle-endian -mcpu=v9.3 -mxl-soft-mul -Wl,--no-relax -ffunction-sections -fdata-sections -MMD -MP -MF"src/testperiph.d" -MT"src/testperiph.d" -o "src/testperiph.o" "../src/testperiph.c"
../src/testperiph.c: In function 'main':
../src/testperiph.c:68:19: warning: unused variable 'axi_timer_0_Timer' [-Wunused-variable]
    static XTmrCtr axi_timer_0_Timer;
                   ^
../src/testperiph.c:67:17: warning: unused variable 'intc' [-Wunused-variable]
    static XIntc intc;
                 ^
Finished building: ../src/testperiph.c
 
Building target: lcd.elf
Invoking: MicroBlaze gcc linker
mb-gcc -Wl,-T -Wl,../src/lscript.ld -L../../lcd_bsp/microblaze_0/lib -mlittle-endian -mcpu=v9.3 -mxl-soft-mul -Wl,--no-relax -Wl,--gc-sections -o "lcd.elf"  ./src/testperiph.o ./src/xgpio_tapp_example.o ./src/xintc_tapp_example.o ./src/xtmrctr_intr_example.o ./src/xtmrctr_selftest_example.o   -Wl,--start-group,-lxil,-lgcc,-lc,--end-group
Finished building target: lcd.elf
 
Invoking: MicroBlaze Print Size
mb-size lcd.elf  |tee "lcd.elf.size"
   text	   data	    bss	    dec	    hex	filename
   7460	    344	   2092	   9896	   26a8	lcd.elf
Finished building: lcd.elf.size
 
15:30:47 **** Incremental Build of configuration Debug for project lcd ****
make all 
make: Nothing to be done for `all'.
15:30:47 **** Incremental Build of configuration Debug for project demoTriState ****
make all 
make: Nothing to be done for `all'.
15:41:27 **** Auto Build of configuration Debug for project lcd ****
make all 
Building file: ../src/testperiph.c
Invoking: MicroBlaze gcc compiler
mb-gcc -Wall -O0 -g3 -c -fmessage-length=0 -I../../lcd_bsp/microblaze_0/include -mlittle-endian -mcpu=v9.3 -mxl-soft-mul -Wl,--no-relax -ffunction-sections -fdata-sections -MMD -MP -MF"src/testperiph.d" -MT"src/testperiph.d" -o "src/testperiph.o" "../src/testperiph.c"
../src/testperiph.c: In function 'main':
../src/testperiph.c:68:19: warning: unused variable 'axi_timer_0_Timer' [-Wunused-variable]
    static XTmrCtr axi_timer_0_Timer;
                   ^
../src/testperiph.c:67:17: warning: unused variable 'intc' [-Wunused-variable]
    static XIntc intc;
                 ^
Finished building: ../src/testperiph.c
 
Building target: lcd.elf
Invoking: MicroBlaze gcc linker
mb-gcc -Wl,-T -Wl,../src/lscript.ld -L../../lcd_bsp/microblaze_0/lib -mlittle-endian -mcpu=v9.3 -mxl-soft-mul -Wl,--no-relax -Wl,--gc-sections -o "lcd.elf"  ./src/testperiph.o ./src/xgpio_tapp_example.o ./src/xintc_tapp_example.o ./src/xtmrctr_intr_example.o ./src/xtmrctr_selftest_example.o   -Wl,--start-group,-lxil,-lgcc,-lc,--end-group
Finished building target: lcd.elf
 
Invoking: MicroBlaze Print Size
mb-size lcd.elf  |tee "lcd.elf.size"
   text	   data	    bss	    dec	    hex	filename
   7464	    344	   2088	   9896	   26a8	lcd.elf
Finished building: lcd.elf.size
 
15:41:47 **** Incremental Build of configuration Debug for project lcd ****
make all 
make: Nothing to be done for `all'.
15:41:47 **** Incremental Build of configuration Debug for project demoTriState ****
make all 
make: Nothing to be done for `all'.
15:42:33 **** Auto Build of configuration Debug for project lcd ****
make all 
Building file: ../src/testperiph.c
Invoking: MicroBlaze gcc compiler
mb-gcc -Wall -O0 -g3 -c -fmessage-length=0 -I../../lcd_bsp/microblaze_0/include -mlittle-endian -mcpu=v9.3 -mxl-soft-mul -Wl,--no-relax -ffunction-sections -fdata-sections -MMD -MP -MF"src/testperiph.d" -MT"src/testperiph.d" -o "src/testperiph.o" "../src/testperiph.c"
../src/testperiph.c: In function 'main':
../src/testperiph.c:68:19: warning: unused variable 'axi_timer_0_Timer' [-Wunused-variable]
    static XTmrCtr axi_timer_0_Timer;
                   ^
../src/testperiph.c:67:17: warning: unused variable 'intc' [-Wunused-variable]
    static XIntc intc;
                 ^
Finished building: ../src/testperiph.c
 
Building target: lcd.elf
Invoking: MicroBlaze gcc linker
mb-gcc -Wl,-T -Wl,../src/lscript.ld -L../../lcd_bsp/microblaze_0/lib -mlittle-endian -mcpu=v9.3 -mxl-soft-mul -Wl,--no-relax -Wl,--gc-sections -o "lcd.elf"  ./src/testperiph.o ./src/xgpio_tapp_example.o ./src/xintc_tapp_example.o ./src/xtmrctr_intr_example.o ./src/xtmrctr_selftest_example.o   -Wl,--start-group,-lxil,-lgcc,-lc,--end-group
Finished building target: lcd.elf
 
Invoking: MicroBlaze Print Size
mb-size lcd.elf  |tee "lcd.elf.size"
   text	   data	    bss	    dec	    hex	filename
   7464	    344	   2088	   9896	   26a8	lcd.elf
Finished building: lcd.elf.size
 
15:42:35 **** Incremental Build of configuration Debug for project lcd ****
make all 
make: Nothing to be done for `all'.
15:42:36 **** Incremental Build of configuration Debug for project demoTriState ****
make all 
make: Nothing to be done for `all'.
16:04:06 **** Auto Build of project lcd_bsp ****
make -k all 
Running Make include in microblaze_0/libsrc/bram_v4_0/src
make -C microblaze_0/libsrc/bram_v4_0/src -s include -e "SHELL=/bin/sh" "COMPILER=mb-gcc" "ARCHIVER=mb-ar" "COMPILER_FLAGS= -O2 -c -mcpu=v9.3 -mlittle-endian -mxl-soft-mul" "EXTRA_COMPILER_FLAGS=-g -ffunction-sections -fdata-sections"
Running Make include in microblaze_0/libsrc/cpu_v2_0/src
make -C microblaze_0/libsrc/cpu_v2_0/src -s include -e "SHELL=/bin/sh" "COMPILER=mb-gcc" "ARCHIVER=mb-ar" "COMPILER_FLAGS= -O2 -c -mcpu=v9.3 -mlittle-endian -mxl-soft-mul" "EXTRA_COMPILER_FLAGS=-g -ffunction-sections -fdata-sections"
Running Make include in microblaze_0/libsrc/gpio_v4_0/src
make -C microblaze_0/libsrc/gpio_v4_0/src -s include -e "SHELL=/bin/sh" "COMPILER=mb-gcc" "ARCHIVER=mb-ar" "COMPILER_FLAGS= -O2 -c -mcpu=v9.3 -mlittle-endian -mxl-soft-mul" "EXTRA_COMPILER_FLAGS=-g -ffunction-sections -fdata-sections"
Running Make include in microblaze_0/libsrc/intc_v3_0/src
make -C microblaze_0/libsrc/intc_v3_0/src -s include -e "SHELL=/bin/sh" "COMPILER=mb-gcc" "ARCHIVER=mb-ar" "COMPILER_FLAGS= -O2 -c -mcpu=v9.3 -mlittle-endian -mxl-soft-mul" "EXTRA_COMPILER_FLAGS=-g -ffunction-sections -fdata-sections"
Running Make include in microblaze_0/libsrc/standalone_v4_0/src
make -C microblaze_0/libsrc/standalone_v4_0/src -s include -e "SHELL=/bin/sh" "COMPILER=mb-gcc" "ARCHIVER=mb-ar" "COMPILER_FLAGS= -O2 -c -mcpu=v9.3 -mlittle-endian -mxl-soft-mul" "EXTRA_COMPILER_FLAGS=-g -ffunction-sections -fdata-sections"
make[2]: Entering directory `/usr9/research/chsegal/Documents/ECE153A/Artix7/lab3/backlitLCD/backlitLCD.sdk/SDK/SDK_Export/lcd_bsp/microblaze_0/libsrc/standalone_v4_0/src/profile'
cp -rf profile.h mblaze_nt_types.h _profile_timer_hw.h ../../../../include
make[2]: Leaving directory `/usr9/research/chsegal/Documents/ECE153A/Artix7/lab3/backlitLCD/backlitLCD.sdk/SDK/SDK_Export/lcd_bsp/microblaze_0/libsrc/standalone_v4_0/src/profile'
Running Make include in microblaze_0/libsrc/tmrctr_v3_0/src
make -C microblaze_0/libsrc/tmrctr_v3_0/src -s include -e "SHELL=/bin/sh" "COMPILER=mb-gcc" "ARCHIVER=mb-ar" "COMPILER_FLAGS= -O2 -c -mcpu=v9.3 -mlittle-endian -mxl-soft-mul" "EXTRA_COMPILER_FLAGS=-g -ffunction-sections -fdata-sections"
Running Make include in microblaze_0/libsrc/uartlite_v3_0/src
make -C microblaze_0/libsrc/uartlite_v3_0/src -s include -e "SHELL=/bin/sh" "COMPILER=mb-gcc" "ARCHIVER=mb-ar" "COMPILER_FLAGS= -O2 -c -mcpu=v9.3 -mlittle-endian -mxl-soft-mul" "EXTRA_COMPILER_FLAGS=-g -ffunction-sections -fdata-sections"
Running Make libs in microblaze_0/libsrc/bram_v4_0/src
make -C microblaze_0/libsrc/bram_v4_0/src -s libs -e "SHELL=/bin/sh" "COMPILER=mb-gcc" "ARCHIVER=mb-ar" "COMPILER_FLAGS= -O2 -c -mcpu=v9.3 -mlittle-endian -mxl-soft-mul" "EXTRA_COMPILER_FLAGS=-g -ffunction-sections -fdata-sections"
Compiling bram
make[2]: Entering directory `/usr9/research/chsegal/Documents/ECE153A/Artix7/lab3/backlitLCD/backlitLCD.sdk/SDK/SDK_Export/lcd_bsp/microblaze_0/libsrc/bram_v4_0/src'
rm -rf *.o 
make[2]: Leaving directory `/usr9/research/chsegal/Documents/ECE153A/Artix7/lab3/backlitLCD/backlitLCD.sdk/SDK/SDK_Export/lcd_bsp/microblaze_0/libsrc/bram_v4_0/src'
Running Make libs in microblaze_0/libsrc/cpu_v2_0/src
make -C microblaze_0/libsrc/cpu_v2_0/src -s libs -e "SHELL=/bin/sh" "COMPILER=mb-gcc" "ARCHIVER=mb-ar" "COMPILER_FLAGS= -O2 -c -mcpu=v9.3 -mlittle-endian -mxl-soft-mul" "EXTRA_COMPILER_FLAGS=-g -ffunction-sections -fdata-sections"
Compiling cpu
make[2]: Entering directory `/usr9/research/chsegal/Documents/ECE153A/Artix7/lab3/backlitLCD/backlitLCD.sdk/SDK/SDK_Export/lcd_bsp/microblaze_0/libsrc/cpu_v2_0/src'
rm -rf *.o
make[2]: Leaving directory `/usr9/research/chsegal/Documents/ECE153A/Artix7/lab3/backlitLCD/backlitLCD.sdk/SDK/SDK_Export/lcd_bsp/microblaze_0/libsrc/cpu_v2_0/src'
Running Make libs in microblaze_0/libsrc/gpio_v4_0/src
make -C microblaze_0/libsrc/gpio_v4_0/src -s libs -e "SHELL=/bin/sh" "COMPILER=mb-gcc" "ARCHIVER=mb-ar" "COMPILER_FLAGS= -O2 -c -mcpu=v9.3 -mlittle-endian -mxl-soft-mul" "EXTRA_COMPILER_FLAGS=-g -ffunction-sections -fdata-sections"
Compiling gpio
make[2]: Entering directory `/usr9/research/chsegal/Documents/ECE153A/Artix7/lab3/backlitLCD/backlitLCD.sdk/SDK/SDK_Export/lcd_bsp/microblaze_0/libsrc/gpio_v4_0/src'
rm -rf *.o 
make[2]: Leaving directory `/usr9/research/chsegal/Documents/ECE153A/Artix7/lab3/backlitLCD/backlitLCD.sdk/SDK/SDK_Export/lcd_bsp/microblaze_0/libsrc/gpio_v4_0/src'
Running Make libs in microblaze_0/libsrc/intc_v3_0/src
make -C microblaze_0/libsrc/intc_v3_0/src -s libs -e "SHELL=/bin/sh" "COMPILER=mb-gcc" "ARCHIVER=mb-ar" "COMPILER_FLAGS= -O2 -c -mcpu=v9.3 -mlittle-endian -mxl-soft-mul" "EXTRA_COMPILER_FLAGS=-g -ffunction-sections -fdata-sections"
Compiling intc
make[2]: Entering directory `/usr9/research/chsegal/Documents/ECE153A/Artix7/lab3/backlitLCD/backlitLCD.sdk/SDK/SDK_Export/lcd_bsp/microblaze_0/libsrc/intc_v3_0/src'
rm -rf *.o 
make[2]: Leaving directory `/usr9/research/chsegal/Documents/ECE153A/Artix7/lab3/backlitLCD/backlitLCD.sdk/SDK/SDK_Export/lcd_bsp/microblaze_0/libsrc/intc_v3_0/src'
Running Make libs in microblaze_0/libsrc/standalone_v4_0/src
make -C microblaze_0/libsrc/standalone_v4_0/src -s libs -e "SHELL=/bin/sh" "COMPILER=mb-gcc" "ARCHIVER=mb-ar" "COMPILER_FLAGS= -O2 -c -mcpu=v9.3 -mlittle-endian -mxl-soft-mul" "EXTRA_COMPILER_FLAGS=-g -ffunction-sections -fdata-sections"
Compiling standalone
Running Make libs in microblaze_0/libsrc/tmrctr_v3_0/src
make -C microblaze_0/libsrc/tmrctr_v3_0/src -s libs -e "SHELL=/bin/sh" "COMPILER=mb-gcc" "ARCHIVER=mb-ar" "COMPILER_FLAGS= -O2 -c -mcpu=v9.3 -mlittle-endian -mxl-soft-mul" "EXTRA_COMPILER_FLAGS=-g -ffunction-sections -fdata-sections"
Compiling tmrctr
make[2]: Entering directory `/usr9/research/chsegal/Documents/ECE153A/Artix7/lab3/backlitLCD/backlitLCD.sdk/SDK/SDK_Export/lcd_bsp/microblaze_0/libsrc/tmrctr_v3_0/src'
rm -rf *.o 
make[2]: Leaving directory `/usr9/research/chsegal/Documents/ECE153A/Artix7/lab3/backlitLCD/backlitLCD.sdk/SDK/SDK_Export/lcd_bsp/microblaze_0/libsrc/tmrctr_v3_0/src'
Running Make libs in microblaze_0/libsrc/uartlite_v3_0/src
make -C microblaze_0/libsrc/uartlite_v3_0/src -s libs -e "SHELL=/bin/sh" "COMPILER=mb-gcc" "ARCHIVER=mb-ar" "COMPILER_FLAGS= -O2 -c -mcpu=v9.3 -mlittle-endian -mxl-soft-mul" "EXTRA_COMPILER_FLAGS=-g -ffunction-sections -fdata-sections"
Compiling uartlite
make[2]: Entering directory `/usr9/research/chsegal/Documents/ECE153A/Artix7/lab3/backlitLCD/backlitLCD.sdk/SDK/SDK_Export/lcd_bsp/microblaze_0/libsrc/uartlite_v3_0/src'
rm -rf *.o 
make[2]: Leaving directory `/usr9/research/chsegal/Documents/ECE153A/Artix7/lab3/backlitLCD/backlitLCD.sdk/SDK/SDK_Export/lcd_bsp/microblaze_0/libsrc/uartlite_v3_0/src'
Finished building libraries
16:04:16 **** Auto Build of project lcd_bsp ****
make -k all 
Running Make include in microblaze_0/libsrc/bram_v4_0/src
make -C microblaze_0/libsrc/bram_v4_0/src -s include -e "SHELL=/bin/sh" "COMPILER=mb-gcc" "ARCHIVER=mb-ar" "COMPILER_FLAGS= -O2 -c -mcpu=v9.3 -mlittle-endian -mxl-soft-mul" "EXTRA_COMPILER_FLAGS=-g -ffunction-sections -fdata-sections"
Running Make include in microblaze_0/libsrc/cpu_v2_0/src
make -C microblaze_0/libsrc/cpu_v2_0/src -s include -e "SHELL=/bin/sh" "COMPILER=mb-gcc" "ARCHIVER=mb-ar" "COMPILER_FLAGS= -O2 -c -mcpu=v9.3 -mlittle-endian -mxl-soft-mul" "EXTRA_COMPILER_FLAGS=-g -ffunction-sections -fdata-sections"
Running Make include in microblaze_0/libsrc/gpio_v4_0/src
make -C microblaze_0/libsrc/gpio_v4_0/src -s include -e "SHELL=/bin/sh" "COMPILER=mb-gcc" "ARCHIVER=mb-ar" "COMPILER_FLAGS= -O2 -c -mcpu=v9.3 -mlittle-endian -mxl-soft-mul" "EXTRA_COMPILER_FLAGS=-g -ffunction-sections -fdata-sections"
Running Make include in microblaze_0/libsrc/intc_v3_0/src
make -C microblaze_0/libsrc/intc_v3_0/src -s include -e "SHELL=/bin/sh" "COMPILER=mb-gcc" "ARCHIVER=mb-ar" "COMPILER_FLAGS= -O2 -c -mcpu=v9.3 -mlittle-endian -mxl-soft-mul" "EXTRA_COMPILER_FLAGS=-g -ffunction-sections -fdata-sections"
Running Make include in microblaze_0/libsrc/standalone_v4_0/src
make -C microblaze_0/libsrc/standalone_v4_0/src -s include -e "SHELL=/bin/sh" "COMPILER=mb-gcc" "ARCHIVER=mb-ar" "COMPILER_FLAGS= -O2 -c -mcpu=v9.3 -mlittle-endian -mxl-soft-mul" "EXTRA_COMPILER_FLAGS=-g -ffunction-sections -fdata-sections"
make[2]: Entering directory `/usr9/research/chsegal/Documents/ECE153A/Artix7/lab3/backlitLCD/backlitLCD.sdk/SDK/SDK_Export/lcd_bsp/microblaze_0/libsrc/standalone_v4_0/src/profile'
cp -rf profile.h mblaze_nt_types.h _profile_timer_hw.h ../../../../include
make[2]: Leaving directory `/usr9/research/chsegal/Documents/ECE153A/Artix7/lab3/backlitLCD/backlitLCD.sdk/SDK/SDK_Export/lcd_bsp/microblaze_0/libsrc/standalone_v4_0/src/profile'
Running Make include in microblaze_0/libsrc/tmrctr_v3_0/src
make -C microblaze_0/libsrc/tmrctr_v3_0/src -s include -e "SHELL=/bin/sh" "COMPILER=mb-gcc" "ARCHIVER=mb-ar" "COMPILER_FLAGS= -O2 -c -mcpu=v9.3 -mlittle-endian -mxl-soft-mul" "EXTRA_COMPILER_FLAGS=-g -ffunction-sections -fdata-sections"
Running Make include in microblaze_0/libsrc/uartlite_v3_0/src
make -C microblaze_0/libsrc/uartlite_v3_0/src -s include -e "SHELL=/bin/sh" "COMPILER=mb-gcc" "ARCHIVER=mb-ar" "COMPILER_FLAGS= -O2 -c -mcpu=v9.3 -mlittle-endian -mxl-soft-mul" "EXTRA_COMPILER_FLAGS=-g -ffunction-sections -fdata-sections"
Running Make libs in microblaze_0/libsrc/bram_v4_0/src
make -C microblaze_0/libsrc/bram_v4_0/src -s libs -e "SHELL=/bin/sh" "COMPILER=mb-gcc" "ARCHIVER=mb-ar" "COMPILER_FLAGS= -O2 -c -mcpu=v9.3 -mlittle-endian -mxl-soft-mul" "EXTRA_COMPILER_FLAGS=-g -ffunction-sections -fdata-sections"
Compiling bram
make[2]: Entering directory `/usr9/research/chsegal/Documents/ECE153A/Artix7/lab3/backlitLCD/backlitLCD.sdk/SDK/SDK_Export/lcd_bsp/microblaze_0/libsrc/bram_v4_0/src'
rm -rf *.o 
make[2]: Leaving directory `/usr9/research/chsegal/Documents/ECE153A/Artix7/lab3/backlitLCD/backlitLCD.sdk/SDK/SDK_Export/lcd_bsp/microblaze_0/libsrc/bram_v4_0/src'
Running Make libs in microblaze_0/libsrc/cpu_v2_0/src
make -C microblaze_0/libsrc/cpu_v2_0/src -s libs -e "SHELL=/bin/sh" "COMPILER=mb-gcc" "ARCHIVER=mb-ar" "COMPILER_FLAGS= -O2 -c -mcpu=v9.3 -mlittle-endian -mxl-soft-mul" "EXTRA_COMPILER_FLAGS=-g -ffunction-sections -fdata-sections"
Compiling cpu
make[2]: Entering directory `/usr9/research/chsegal/Documents/ECE153A/Artix7/lab3/backlitLCD/backlitLCD.sdk/SDK/SDK_Export/lcd_bsp/microblaze_0/libsrc/cpu_v2_0/src'
rm -rf *.o
make[2]: Leaving directory `/usr9/research/chsegal/Documents/ECE153A/Artix7/lab3/backlitLCD/backlitLCD.sdk/SDK/SDK_Export/lcd_bsp/microblaze_0/libsrc/cpu_v2_0/src'
Running Make libs in microblaze_0/libsrc/gpio_v4_0/src
make -C microblaze_0/libsrc/gpio_v4_0/src -s libs -e "SHELL=/bin/sh" "COMPILER=mb-gcc" "ARCHIVER=mb-ar" "COMPILER_FLAGS= -O2 -c -mcpu=v9.3 -mlittle-endian -mxl-soft-mul" "EXTRA_COMPILER_FLAGS=-g -ffunction-sections -fdata-sections"
Compiling gpio
make[2]: Entering directory `/usr9/research/chsegal/Documents/ECE153A/Artix7/lab3/backlitLCD/backlitLCD.sdk/SDK/SDK_Export/lcd_bsp/microblaze_0/libsrc/gpio_v4_0/src'
rm -rf *.o 
make[2]: Leaving directory `/usr9/research/chsegal/Documents/ECE153A/Artix7/lab3/backlitLCD/backlitLCD.sdk/SDK/SDK_Export/lcd_bsp/microblaze_0/libsrc/gpio_v4_0/src'
Running Make libs in microblaze_0/libsrc/intc_v3_0/src
make -C microblaze_0/libsrc/intc_v3_0/src -s libs -e "SHELL=/bin/sh" "COMPILER=mb-gcc" "ARCHIVER=mb-ar" "COMPILER_FLAGS= -O2 -c -mcpu=v9.3 -mlittle-endian -mxl-soft-mul" "EXTRA_COMPILER_FLAGS=-g -ffunction-sections -fdata-sections"
Compiling intc
make[2]: Entering directory `/usr9/research/chsegal/Documents/ECE153A/Artix7/lab3/backlitLCD/backlitLCD.sdk/SDK/SDK_Export/lcd_bsp/microblaze_0/libsrc/intc_v3_0/src'
rm -rf *.o 
make[2]: Leaving directory `/usr9/research/chsegal/Documents/ECE153A/Artix7/lab3/backlitLCD/backlitLCD.sdk/SDK/SDK_Export/lcd_bsp/microblaze_0/libsrc/intc_v3_0/src'
Running Make libs in microblaze_0/libsrc/standalone_v4_0/src
make -C microblaze_0/libsrc/standalone_v4_0/src -s libs -e "SHELL=/bin/sh" "COMPILER=mb-gcc" "ARCHIVER=mb-ar" "COMPILER_FLAGS= -O2 -c -mcpu=v9.3 -mlittle-endian -mxl-soft-mul" "EXTRA_COMPILER_FLAGS=-g -ffunction-sections -fdata-sections"
Compiling standalone
Running Make libs in microblaze_0/libsrc/tmrctr_v3_0/src
make -C microblaze_0/libsrc/tmrctr_v3_0/src -s libs -e "SHELL=/bin/sh" "COMPILER=mb-gcc" "ARCHIVER=mb-ar" "COMPILER_FLAGS= -O2 -c -mcpu=v9.3 -mlittle-endian -mxl-soft-mul" "EXTRA_COMPILER_FLAGS=-g -ffunction-sections -fdata-sections"
Compiling tmrctr
make[2]: Entering directory `/usr9/research/chsegal/Documents/ECE153A/Artix7/lab3/backlitLCD/backlitLCD.sdk/SDK/SDK_Export/lcd_bsp/microblaze_0/libsrc/tmrctr_v3_0/src'
rm -rf *.o 
make[2]: Leaving directory `/usr9/research/chsegal/Documents/ECE153A/Artix7/lab3/backlitLCD/backlitLCD.sdk/SDK/SDK_Export/lcd_bsp/microblaze_0/libsrc/tmrctr_v3_0/src'
Running Make libs in microblaze_0/libsrc/uartlite_v3_0/src
make -C microblaze_0/libsrc/uartlite_v3_0/src -s libs -e "SHELL=/bin/sh" "COMPILER=mb-gcc" "ARCHIVER=mb-ar" "COMPILER_FLAGS= -O2 -c -mcpu=v9.3 -mlittle-endian -mxl-soft-mul" "EXTRA_COMPILER_FLAGS=-g -ffunction-sections -fdata-sections"
Compiling uartlite
make[2]: Entering directory `/usr9/research/chsegal/Documents/ECE153A/Artix7/lab3/backlitLCD/backlitLCD.sdk/SDK/SDK_Export/lcd_bsp/microblaze_0/libsrc/uartlite_v3_0/src'
rm -rf *.o 
make[2]: Leaving directory `/usr9/research/chsegal/Documents/ECE153A/Artix7/lab3/backlitLCD/backlitLCD.sdk/SDK/SDK_Export/lcd_bsp/microblaze_0/libsrc/uartlite_v3_0/src'
Finished building libraries
16:04:21 **** Auto Build of project lcd_bsp ****
make -k all 
Running Make include in microblaze_0/libsrc/bram_v4_0/src
make -C microblaze_0/libsrc/bram_v4_0/src -s include -e "SHELL=/bin/sh" "COMPILER=mb-gcc" "ARCHIVER=mb-ar" "COMPILER_FLAGS= -O2 -c -mcpu=v9.3 -mlittle-endian -mxl-soft-mul" "EXTRA_COMPILER_FLAGS=-g -ffunction-sections -fdata-sections"
Running Make include in microblaze_0/libsrc/cpu_v2_0/src
make -C microblaze_0/libsrc/cpu_v2_0/src -s include -e "SHELL=/bin/sh" "COMPILER=mb-gcc" "ARCHIVER=mb-ar" "COMPILER_FLAGS= -O2 -c -mcpu=v9.3 -mlittle-endian -mxl-soft-mul" "EXTRA_COMPILER_FLAGS=-g -ffunction-sections -fdata-sections"
Running Make include in microblaze_0/libsrc/gpio_v4_0/src
make -C microblaze_0/libsrc/gpio_v4_0/src -s include -e "SHELL=/bin/sh" "COMPILER=mb-gcc" "ARCHIVER=mb-ar" "COMPILER_FLAGS= -O2 -c -mcpu=v9.3 -mlittle-endian -mxl-soft-mul" "EXTRA_COMPILER_FLAGS=-g -ffunction-sections -fdata-sections"
Running Make include in microblaze_0/libsrc/intc_v3_0/src
make -C microblaze_0/libsrc/intc_v3_0/src -s include -e "SHELL=/bin/sh" "COMPILER=mb-gcc" "ARCHIVER=mb-ar" "COMPILER_FLAGS= -O2 -c -mcpu=v9.3 -mlittle-endian -mxl-soft-mul" "EXTRA_COMPILER_FLAGS=-g -ffunction-sections -fdata-sections"
Running Make include in microblaze_0/libsrc/standalone_v4_0/src
make -C microblaze_0/libsrc/standalone_v4_0/src -s include -e "SHELL=/bin/sh" "COMPILER=mb-gcc" "ARCHIVER=mb-ar" "COMPILER_FLAGS= -O2 -c -mcpu=v9.3 -mlittle-endian -mxl-soft-mul" "EXTRA_COMPILER_FLAGS=-g -ffunction-sections -fdata-sections"
make[2]: Entering directory `/usr9/research/chsegal/Documents/ECE153A/Artix7/lab3/backlitLCD/backlitLCD.sdk/SDK/SDK_Export/lcd_bsp/microblaze_0/libsrc/standalone_v4_0/src/profile'
cp -rf profile.h mblaze_nt_types.h _profile_timer_hw.h ../../../../include
make[2]: Leaving directory `/usr9/research/chsegal/Documents/ECE153A/Artix7/lab3/backlitLCD/backlitLCD.sdk/SDK/SDK_Export/lcd_bsp/microblaze_0/libsrc/standalone_v4_0/src/profile'
Running Make include in microblaze_0/libsrc/tmrctr_v3_0/src
make -C microblaze_0/libsrc/tmrctr_v3_0/src -s include -e "SHELL=/bin/sh" "COMPILER=mb-gcc" "ARCHIVER=mb-ar" "COMPILER_FLAGS= -O2 -c -mcpu=v9.3 -mlittle-endian -mxl-soft-mul" "EXTRA_COMPILER_FLAGS=-g -ffunction-sections -fdata-sections"
Running Make include in microblaze_0/libsrc/uartlite_v3_0/src
make -C microblaze_0/libsrc/uartlite_v3_0/src -s include -e "SHELL=/bin/sh" "COMPILER=mb-gcc" "ARCHIVER=mb-ar" "COMPILER_FLAGS= -O2 -c -mcpu=v9.3 -mlittle-endian -mxl-soft-mul" "EXTRA_COMPILER_FLAGS=-g -ffunction-sections -fdata-sections"
Running Make libs in microblaze_0/libsrc/bram_v4_0/src
make -C microblaze_0/libsrc/bram_v4_0/src -s libs -e "SHELL=/bin/sh" "COMPILER=mb-gcc" "ARCHIVER=mb-ar" "COMPILER_FLAGS= -O2 -c -mcpu=v9.3 -mlittle-endian -mxl-soft-mul" "EXTRA_COMPILER_FLAGS=-g -ffunction-sections -fdata-sections"
Compiling bram
make[2]: Entering directory `/usr9/research/chsegal/Documents/ECE153A/Artix7/lab3/backlitLCD/backlitLCD.sdk/SDK/SDK_Export/lcd_bsp/microblaze_0/libsrc/bram_v4_0/src'
rm -rf *.o 
make[2]: Leaving directory `/usr9/research/chsegal/Documents/ECE153A/Artix7/lab3/backlitLCD/backlitLCD.sdk/SDK/SDK_Export/lcd_bsp/microblaze_0/libsrc/bram_v4_0/src'
Running Make libs in microblaze_0/libsrc/cpu_v2_0/src
make -C microblaze_0/libsrc/cpu_v2_0/src -s libs -e "SHELL=/bin/sh" "COMPILER=mb-gcc" "ARCHIVER=mb-ar" "COMPILER_FLAGS= -O2 -c -mcpu=v9.3 -mlittle-endian -mxl-soft-mul" "EXTRA_COMPILER_FLAGS=-g -ffunction-sections -fdata-sections"
Compiling cpu
make[2]: Entering directory `/usr9/research/chsegal/Documents/ECE153A/Artix7/lab3/backlitLCD/backlitLCD.sdk/SDK/SDK_Export/lcd_bsp/microblaze_0/libsrc/cpu_v2_0/src'
rm -rf *.o
make[2]: Leaving directory `/usr9/research/chsegal/Documents/ECE153A/Artix7/lab3/backlitLCD/backlitLCD.sdk/SDK/SDK_Export/lcd_bsp/microblaze_0/libsrc/cpu_v2_0/src'
Running Make libs in microblaze_0/libsrc/gpio_v4_0/src
make -C microblaze_0/libsrc/gpio_v4_0/src -s libs -e "SHELL=/bin/sh" "COMPILER=mb-gcc" "ARCHIVER=mb-ar" "COMPILER_FLAGS= -O2 -c -mcpu=v9.3 -mlittle-endian -mxl-soft-mul" "EXTRA_COMPILER_FLAGS=-g -ffunction-sections -fdata-sections"
Compiling gpio
make[2]: Entering directory `/usr9/research/chsegal/Documents/ECE153A/Artix7/lab3/backlitLCD/backlitLCD.sdk/SDK/SDK_Export/lcd_bsp/microblaze_0/libsrc/gpio_v4_0/src'
rm -rf *.o 
make[2]: Leaving directory `/usr9/research/chsegal/Documents/ECE153A/Artix7/lab3/backlitLCD/backlitLCD.sdk/SDK/SDK_Export/lcd_bsp/microblaze_0/libsrc/gpio_v4_0/src'
Running Make libs in microblaze_0/libsrc/intc_v3_0/src
make -C microblaze_0/libsrc/intc_v3_0/src -s libs -e "SHELL=/bin/sh" "COMPILER=mb-gcc" "ARCHIVER=mb-ar" "COMPILER_FLAGS= -O2 -c -mcpu=v9.3 -mlittle-endian -mxl-soft-mul" "EXTRA_COMPILER_FLAGS=-g -ffunction-sections -fdata-sections"
Compiling intc
make[2]: Entering directory `/usr9/research/chsegal/Documents/ECE153A/Artix7/lab3/backlitLCD/backlitLCD.sdk/SDK/SDK_Export/lcd_bsp/microblaze_0/libsrc/intc_v3_0/src'
rm -rf *.o 
make[2]: Leaving directory `/usr9/research/chsegal/Documents/ECE153A/Artix7/lab3/backlitLCD/backlitLCD.sdk/SDK/SDK_Export/lcd_bsp/microblaze_0/libsrc/intc_v3_0/src'
Running Make libs in microblaze_0/libsrc/standalone_v4_0/src
make -C microblaze_0/libsrc/standalone_v4_0/src -s libs -e "SHELL=/bin/sh" "COMPILER=mb-gcc" "ARCHIVER=mb-ar" "COMPILER_FLAGS= -O2 -c -mcpu=v9.3 -mlittle-endian -mxl-soft-mul" "EXTRA_COMPILER_FLAGS=-g -ffunction-sections -fdata-sections"
Compiling standalone
Running Make libs in microblaze_0/libsrc/tmrctr_v3_0/src
make -C microblaze_0/libsrc/tmrctr_v3_0/src -s libs -e "SHELL=/bin/sh" "COMPILER=mb-gcc" "ARCHIVER=mb-ar" "COMPILER_FLAGS= -O2 -c -mcpu=v9.3 -mlittle-endian -mxl-soft-mul" "EXTRA_COMPILER_FLAGS=-g -ffunction-sections -fdata-sections"
Compiling tmrctr
make[2]: Entering directory `/usr9/research/chsegal/Documents/ECE153A/Artix7/lab3/backlitLCD/backlitLCD.sdk/SDK/SDK_Export/lcd_bsp/microblaze_0/libsrc/tmrctr_v3_0/src'
rm -rf *.o 
make[2]: Leaving directory `/usr9/research/chsegal/Documents/ECE153A/Artix7/lab3/backlitLCD/backlitLCD.sdk/SDK/SDK_Export/lcd_bsp/microblaze_0/libsrc/tmrctr_v3_0/src'
Running Make libs in microblaze_0/libsrc/uartlite_v3_0/src
make -C microblaze_0/libsrc/uartlite_v3_0/src -s libs -e "SHELL=/bin/sh" "COMPILER=mb-gcc" "ARCHIVER=mb-ar" "COMPILER_FLAGS= -O2 -c -mcpu=v9.3 -mlittle-endian -mxl-soft-mul" "EXTRA_COMPILER_FLAGS=-g -ffunction-sections -fdata-sections"
Compiling uartlite
make[2]: Entering directory `/usr9/research/chsegal/Documents/ECE153A/Artix7/lab3/backlitLCD/backlitLCD.sdk/SDK/SDK_Export/lcd_bsp/microblaze_0/libsrc/uartlite_v3_0/src'
rm -rf *.o 
make[2]: Leaving directory `/usr9/research/chsegal/Documents/ECE153A/Artix7/lab3/backlitLCD/backlitLCD.sdk/SDK/SDK_Export/lcd_bsp/microblaze_0/libsrc/uartlite_v3_0/src'
Finished building libraries
16:04:27 **** Auto Build of configuration Debug for project lcd ****
make all 
make: Nothing to be done for `all'.
16:04:27 **** Auto Build of configuration Debug for project demoTriState ****
make all 
make: Nothing to be done for `all'.
16:04:28 **** Auto Build of project lcd_bsp ****
make -k all 
Running Make include in microblaze_0/libsrc/bram_v4_0/src
make -C microblaze_0/libsrc/bram_v4_0/src -s include -e "SHELL=/bin/sh" "COMPILER=mb-gcc" "ARCHIVER=mb-ar" "COMPILER_FLAGS= -O2 -c -mcpu=v9.3 -mlittle-endian -mxl-soft-mul" "EXTRA_COMPILER_FLAGS=-g -ffunction-sections -fdata-sections"
Running Make include in microblaze_0/libsrc/cpu_v2_0/src
make -C microblaze_0/libsrc/cpu_v2_0/src -s include -e "SHELL=/bin/sh" "COMPILER=mb-gcc" "ARCHIVER=mb-ar" "COMPILER_FLAGS= -O2 -c -mcpu=v9.3 -mlittle-endian -mxl-soft-mul" "EXTRA_COMPILER_FLAGS=-g -ffunction-sections -fdata-sections"
Running Make include in microblaze_0/libsrc/gpio_v4_0/src
make -C microblaze_0/libsrc/gpio_v4_0/src -s include -e "SHELL=/bin/sh" "COMPILER=mb-gcc" "ARCHIVER=mb-ar" "COMPILER_FLAGS= -O2 -c -mcpu=v9.3 -mlittle-endian -mxl-soft-mul" "EXTRA_COMPILER_FLAGS=-g -ffunction-sections -fdata-sections"
Running Make include in microblaze_0/libsrc/intc_v3_0/src
make -C microblaze_0/libsrc/intc_v3_0/src -s include -e "SHELL=/bin/sh" "COMPILER=mb-gcc" "ARCHIVER=mb-ar" "COMPILER_FLAGS= -O2 -c -mcpu=v9.3 -mlittle-endian -mxl-soft-mul" "EXTRA_COMPILER_FLAGS=-g -ffunction-sections -fdata-sections"
Running Make include in microblaze_0/libsrc/standalone_v4_0/src
make -C microblaze_0/libsrc/standalone_v4_0/src -s include -e "SHELL=/bin/sh" "COMPILER=mb-gcc" "ARCHIVER=mb-ar" "COMPILER_FLAGS= -O2 -c -mcpu=v9.3 -mlittle-endian -mxl-soft-mul" "EXTRA_COMPILER_FLAGS=-g -ffunction-sections -fdata-sections"
make[2]: Entering directory `/usr9/research/chsegal/Documents/ECE153A/Artix7/lab3/backlitLCD/backlitLCD.sdk/SDK/SDK_Export/lcd_bsp/microblaze_0/libsrc/standalone_v4_0/src/profile'
cp -rf profile.h mblaze_nt_types.h _profile_timer_hw.h ../../../../include
make[2]: Leaving directory `/usr9/research/chsegal/Documents/ECE153A/Artix7/lab3/backlitLCD/backlitLCD.sdk/SDK/SDK_Export/lcd_bsp/microblaze_0/libsrc/standalone_v4_0/src/profile'
Running Make include in microblaze_0/libsrc/tmrctr_v3_0/src
make -C microblaze_0/libsrc/tmrctr_v3_0/src -s include -e "SHELL=/bin/sh" "COMPILER=mb-gcc" "ARCHIVER=mb-ar" "COMPILER_FLAGS= -O2 -c -mcpu=v9.3 -mlittle-endian -mxl-soft-mul" "EXTRA_COMPILER_FLAGS=-g -ffunction-sections -fdata-sections"
Running Make include in microblaze_0/libsrc/uartlite_v3_0/src
make -C microblaze_0/libsrc/uartlite_v3_0/src -s include -e "SHELL=/bin/sh" "COMPILER=mb-gcc" "ARCHIVER=mb-ar" "COMPILER_FLAGS= -O2 -c -mcpu=v9.3 -mlittle-endian -mxl-soft-mul" "EXTRA_COMPILER_FLAGS=-g -ffunction-sections -fdata-sections"
Running Make libs in microblaze_0/libsrc/bram_v4_0/src
make -C microblaze_0/libsrc/bram_v4_0/src -s libs -e "SHELL=/bin/sh" "COMPILER=mb-gcc" "ARCHIVER=mb-ar" "COMPILER_FLAGS= -O2 -c -mcpu=v9.3 -mlittle-endian -mxl-soft-mul" "EXTRA_COMPILER_FLAGS=-g -ffunction-sections -fdata-sections"
Compiling bram
make[2]: Entering directory `/usr9/research/chsegal/Documents/ECE153A/Artix7/lab3/backlitLCD/backlitLCD.sdk/SDK/SDK_Export/lcd_bsp/microblaze_0/libsrc/bram_v4_0/src'
rm -rf *.o 
make[2]: Leaving directory `/usr9/research/chsegal/Documents/ECE153A/Artix7/lab3/backlitLCD/backlitLCD.sdk/SDK/SDK_Export/lcd_bsp/microblaze_0/libsrc/bram_v4_0/src'
Running Make libs in microblaze_0/libsrc/cpu_v2_0/src
make -C microblaze_0/libsrc/cpu_v2_0/src -s libs -e "SHELL=/bin/sh" "COMPILER=mb-gcc" "ARCHIVER=mb-ar" "COMPILER_FLAGS= -O2 -c -mcpu=v9.3 -mlittle-endian -mxl-soft-mul" "EXTRA_COMPILER_FLAGS=-g -ffunction-sections -fdata-sections"
Compiling cpu
make[2]: Entering directory `/usr9/research/chsegal/Documents/ECE153A/Artix7/lab3/backlitLCD/backlitLCD.sdk/SDK/SDK_Export/lcd_bsp/microblaze_0/libsrc/cpu_v2_0/src'
rm -rf *.o
make[2]: Leaving directory `/usr9/research/chsegal/Documents/ECE153A/Artix7/lab3/backlitLCD/backlitLCD.sdk/SDK/SDK_Export/lcd_bsp/microblaze_0/libsrc/cpu_v2_0/src'
Running Make libs in microblaze_0/libsrc/gpio_v4_0/src
make -C microblaze_0/libsrc/gpio_v4_0/src -s libs -e "SHELL=/bin/sh" "COMPILER=mb-gcc" "ARCHIVER=mb-ar" "COMPILER_FLAGS= -O2 -c -mcpu=v9.3 -mlittle-endian -mxl-soft-mul" "EXTRA_COMPILER_FLAGS=-g -ffunction-sections -fdata-sections"
Compiling gpio
make[2]: Entering directory `/usr9/research/chsegal/Documents/ECE153A/Artix7/lab3/backlitLCD/backlitLCD.sdk/SDK/SDK_Export/lcd_bsp/microblaze_0/libsrc/gpio_v4_0/src'
rm -rf *.o 
make[2]: Leaving directory `/usr9/research/chsegal/Documents/ECE153A/Artix7/lab3/backlitLCD/backlitLCD.sdk/SDK/SDK_Export/lcd_bsp/microblaze_0/libsrc/gpio_v4_0/src'
Running Make libs in microblaze_0/libsrc/intc_v3_0/src
make -C microblaze_0/libsrc/intc_v3_0/src -s libs -e "SHELL=/bin/sh" "COMPILER=mb-gcc" "ARCHIVER=mb-ar" "COMPILER_FLAGS= -O2 -c -mcpu=v9.3 -mlittle-endian -mxl-soft-mul" "EXTRA_COMPILER_FLAGS=-g -ffunction-sections -fdata-sections"
Compiling intc
make[2]: Entering directory `/usr9/research/chsegal/Documents/ECE153A/Artix7/lab3/backlitLCD/backlitLCD.sdk/SDK/SDK_Export/lcd_bsp/microblaze_0/libsrc/intc_v3_0/src'
rm -rf *.o 
make[2]: Leaving directory `/usr9/research/chsegal/Documents/ECE153A/Artix7/lab3/backlitLCD/backlitLCD.sdk/SDK/SDK_Export/lcd_bsp/microblaze_0/libsrc/intc_v3_0/src'
Running Make libs in microblaze_0/libsrc/standalone_v4_0/src
make -C microblaze_0/libsrc/standalone_v4_0/src -s libs -e "SHELL=/bin/sh" "COMPILER=mb-gcc" "ARCHIVER=mb-ar" "COMPILER_FLAGS= -O2 -c -mcpu=v9.3 -mlittle-endian -mxl-soft-mul" "EXTRA_COMPILER_FLAGS=-g -ffunction-sections -fdata-sections"
Compiling standalone
Running Make libs in microblaze_0/libsrc/tmrctr_v3_0/src
make -C microblaze_0/libsrc/tmrctr_v3_0/src -s libs -e "SHELL=/bin/sh" "COMPILER=mb-gcc" "ARCHIVER=mb-ar" "COMPILER_FLAGS= -O2 -c -mcpu=v9.3 -mlittle-endian -mxl-soft-mul" "EXTRA_COMPILER_FLAGS=-g -ffunction-sections -fdata-sections"
Compiling tmrctr
make[2]: Entering directory `/usr9/research/chsegal/Documents/ECE153A/Artix7/lab3/backlitLCD/backlitLCD.sdk/SDK/SDK_Export/lcd_bsp/microblaze_0/libsrc/tmrctr_v3_0/src'
rm -rf *.o 
make[2]: Leaving directory `/usr9/research/chsegal/Documents/ECE153A/Artix7/lab3/backlitLCD/backlitLCD.sdk/SDK/SDK_Export/lcd_bsp/microblaze_0/libsrc/tmrctr_v3_0/src'
Running Make libs in microblaze_0/libsrc/uartlite_v3_0/src
make -C microblaze_0/libsrc/uartlite_v3_0/src -s libs -e "SHELL=/bin/sh" "COMPILER=mb-gcc" "ARCHIVER=mb-ar" "COMPILER_FLAGS= -O2 -c -mcpu=v9.3 -mlittle-endian -mxl-soft-mul" "EXTRA_COMPILER_FLAGS=-g -ffunction-sections -fdata-sections"
Compiling uartlite
make[2]: Entering directory `/usr9/research/chsegal/Documents/ECE153A/Artix7/lab3/backlitLCD/backlitLCD.sdk/SDK/SDK_Export/lcd_bsp/microblaze_0/libsrc/uartlite_v3_0/src'
rm -rf *.o 
make[2]: Leaving directory `/usr9/research/chsegal/Documents/ECE153A/Artix7/lab3/backlitLCD/backlitLCD.sdk/SDK/SDK_Export/lcd_bsp/microblaze_0/libsrc/uartlite_v3_0/src'
Finished building libraries
16:04:35 **** Auto Build of configuration Debug for project lcd ****
make all 
make: Nothing to be done for `all'.
16:04:37 **** Auto Build of configuration Debug for project demoTriState ****
make all 
make: Nothing to be done for `all'.
16:05:32 **** Auto Build of project lcd_bsp ****
make -k all 
cp -f microblaze_0/lib/libxil_init.a microblaze_0/lib/libxil.a
Running Make include in microblaze_0/libsrc/bram_v4_0/src
make -C microblaze_0/libsrc/bram_v4_0/src -s include -e "SHELL=/bin/sh" "COMPILER=mb-gcc" "ARCHIVER=mb-ar" "COMPILER_FLAGS= -O2 -c -mcpu=v9.3 -mlittle-endian -mxl-soft-mul" "EXTRA_COMPILER_FLAGS=-g -ffunction-sections -fdata-sections"
Running Make include in microblaze_0/libsrc/cpu_v2_0/src
make -C microblaze_0/libsrc/cpu_v2_0/src -s include -e "SHELL=/bin/sh" "COMPILER=mb-gcc" "ARCHIVER=mb-ar" "COMPILER_FLAGS= -O2 -c -mcpu=v9.3 -mlittle-endian -mxl-soft-mul" "EXTRA_COMPILER_FLAGS=-g -ffunction-sections -fdata-sections"
Running Make include in microblaze_0/libsrc/gpio_v4_0/src
make -C microblaze_0/libsrc/gpio_v4_0/src -s include -e "SHELL=/bin/sh" "COMPILER=mb-gcc" "ARCHIVER=mb-ar" "COMPILER_FLAGS= -O2 -c -mcpu=v9.3 -mlittle-endian -mxl-soft-mul" "EXTRA_COMPILER_FLAGS=-g -ffunction-sections -fdata-sections"
Running Make include in microblaze_0/libsrc/intc_v3_0/src
make -C microblaze_0/libsrc/intc_v3_0/src -s include -e "SHELL=/bin/sh" "COMPILER=mb-gcc" "ARCHIVER=mb-ar" "COMPILER_FLAGS= -O2 -c -mcpu=v9.3 -mlittle-endian -mxl-soft-mul" "EXTRA_COMPILER_FLAGS=-g -ffunction-sections -fdata-sections"
Running Make include in microblaze_0/libsrc/standalone_v4_0/src
make -C microblaze_0/libsrc/standalone_v4_0/src -s include -e "SHELL=/bin/sh" "COMPILER=mb-gcc" "ARCHIVER=mb-ar" "COMPILER_FLAGS= -O2 -c -mcpu=v9.3 -mlittle-endian -mxl-soft-mul" "EXTRA_COMPILER_FLAGS=-g -ffunction-sections -fdata-sections"
make[2]: Entering directory `/usr9/research/chsegal/Documents/ECE153A/Artix7/lab3/backlitLCD/backlitLCD.sdk/SDK/SDK_Export/lcd_bsp/microblaze_0/libsrc/standalone_v4_0/src/profile'
cp -rf profile.h mblaze_nt_types.h _profile_timer_hw.h ../../../../include
make[2]: Leaving directory `/usr9/research/chsegal/Documents/ECE153A/Artix7/lab3/backlitLCD/backlitLCD.sdk/SDK/SDK_Export/lcd_bsp/microblaze_0/libsrc/standalone_v4_0/src/profile'
Running Make include in microblaze_0/libsrc/tmrctr_v3_0/src
make -C microblaze_0/libsrc/tmrctr_v3_0/src -s include -e "SHELL=/bin/sh" "COMPILER=mb-gcc" "ARCHIVER=mb-ar" "COMPILER_FLAGS= -O2 -c -mcpu=v9.3 -mlittle-endian -mxl-soft-mul" "EXTRA_COMPILER_FLAGS=-g -ffunction-sections -fdata-sections"
Running Make include in microblaze_0/libsrc/uartlite_v3_0/src
make -C microblaze_0/libsrc/uartlite_v3_0/src -s include -e "SHELL=/bin/sh" "COMPILER=mb-gcc" "ARCHIVER=mb-ar" "COMPILER_FLAGS= -O2 -c -mcpu=v9.3 -mlittle-endian -mxl-soft-mul" "EXTRA_COMPILER_FLAGS=-g -ffunction-sections -fdata-sections"
Running Make libs in microblaze_0/libsrc/bram_v4_0/src
make -C microblaze_0/libsrc/bram_v4_0/src -s libs -e "SHELL=/bin/sh" "COMPILER=mb-gcc" "ARCHIVER=mb-ar" "COMPILER_FLAGS= -O2 -c -mcpu=v9.3 -mlittle-endian -mxl-soft-mul" "EXTRA_COMPILER_FLAGS=-g -ffunction-sections -fdata-sections"
Compiling bram
make[2]: Entering directory `/usr9/research/chsegal/Documents/ECE153A/Artix7/lab3/backlitLCD/backlitLCD.sdk/SDK/SDK_Export/lcd_bsp/microblaze_0/libsrc/bram_v4_0/src'
rm -rf *.o 
make[2]: Leaving directory `/usr9/research/chsegal/Documents/ECE153A/Artix7/lab3/backlitLCD/backlitLCD.sdk/SDK/SDK_Export/lcd_bsp/microblaze_0/libsrc/bram_v4_0/src'
Running Make libs in microblaze_0/libsrc/cpu_v2_0/src
make -C microblaze_0/libsrc/cpu_v2_0/src -s libs -e "SHELL=/bin/sh" "COMPILER=mb-gcc" "ARCHIVER=mb-ar" "COMPILER_FLAGS= -O2 -c -mcpu=v9.3 -mlittle-endian -mxl-soft-mul" "EXTRA_COMPILER_FLAGS=-g -ffunction-sections -fdata-sections"
Compiling cpu
make[2]: Entering directory `/usr9/research/chsegal/Documents/ECE153A/Artix7/lab3/backlitLCD/backlitLCD.sdk/SDK/SDK_Export/lcd_bsp/microblaze_0/libsrc/cpu_v2_0/src'
rm -rf *.o
make[2]: Leaving directory `/usr9/research/chsegal/Documents/ECE153A/Artix7/lab3/backlitLCD/backlitLCD.sdk/SDK/SDK_Export/lcd_bsp/microblaze_0/libsrc/cpu_v2_0/src'
Running Make libs in microblaze_0/libsrc/gpio_v4_0/src
make -C microblaze_0/libsrc/gpio_v4_0/src -s libs -e "SHELL=/bin/sh" "COMPILER=mb-gcc" "ARCHIVER=mb-ar" "COMPILER_FLAGS= -O2 -c -mcpu=v9.3 -mlittle-endian -mxl-soft-mul" "EXTRA_COMPILER_FLAGS=-g -ffunction-sections -fdata-sections"
Compiling gpio
make[2]: Entering directory `/usr9/research/chsegal/Documents/ECE153A/Artix7/lab3/backlitLCD/backlitLCD.sdk/SDK/SDK_Export/lcd_bsp/microblaze_0/libsrc/gpio_v4_0/src'
rm -rf *.o 
make[2]: Leaving directory `/usr9/research/chsegal/Documents/ECE153A/Artix7/lab3/backlitLCD/backlitLCD.sdk/SDK/SDK_Export/lcd_bsp/microblaze_0/libsrc/gpio_v4_0/src'
Running Make libs in microblaze_0/libsrc/intc_v3_0/src
make -C microblaze_0/libsrc/intc_v3_0/src -s libs -e "SHELL=/bin/sh" "COMPILER=mb-gcc" "ARCHIVER=mb-ar" "COMPILER_FLAGS= -O2 -c -mcpu=v9.3 -mlittle-endian -mxl-soft-mul" "EXTRA_COMPILER_FLAGS=-g -ffunction-sections -fdata-sections"
Compiling intc
make[2]: Entering directory `/usr9/research/chsegal/Documents/ECE153A/Artix7/lab3/backlitLCD/backlitLCD.sdk/SDK/SDK_Export/lcd_bsp/microblaze_0/libsrc/intc_v3_0/src'
rm -rf *.o 
make[2]: Leaving directory `/usr9/research/chsegal/Documents/ECE153A/Artix7/lab3/backlitLCD/backlitLCD.sdk/SDK/SDK_Export/lcd_bsp/microblaze_0/libsrc/intc_v3_0/src'
Running Make libs in microblaze_0/libsrc/standalone_v4_0/src
make -C microblaze_0/libsrc/standalone_v4_0/src -s libs -e "SHELL=/bin/sh" "COMPILER=mb-gcc" "ARCHIVER=mb-ar" "COMPILER_FLAGS= -O2 -c -mcpu=v9.3 -mlittle-endian -mxl-soft-mul" "EXTRA_COMPILER_FLAGS=-g -ffunction-sections -fdata-sections"
Compiling standalone
Running Make libs in microblaze_0/libsrc/tmrctr_v3_0/src
make -C microblaze_0/libsrc/tmrctr_v3_0/src -s libs -e "SHELL=/bin/sh" "COMPILER=mb-gcc" "ARCHIVER=mb-ar" "COMPILER_FLAGS= -O2 -c -mcpu=v9.3 -mlittle-endian -mxl-soft-mul" "EXTRA_COMPILER_FLAGS=-g -ffunction-sections -fdata-sections"
Compiling tmrctr
make[2]: Entering directory `/usr9/research/chsegal/Documents/ECE153A/Artix7/lab3/backlitLCD/backlitLCD.sdk/SDK/SDK_Export/lcd_bsp/microblaze_0/libsrc/tmrctr_v3_0/src'
rm -rf *.o 
make[2]: Leaving directory `/usr9/research/chsegal/Documents/ECE153A/Artix7/lab3/backlitLCD/backlitLCD.sdk/SDK/SDK_Export/lcd_bsp/microblaze_0/libsrc/tmrctr_v3_0/src'
Running Make libs in microblaze_0/libsrc/uartlite_v3_0/src
make -C microblaze_0/libsrc/uartlite_v3_0/src -s libs -e "SHELL=/bin/sh" "COMPILER=mb-gcc" "ARCHIVER=mb-ar" "COMPILER_FLAGS= -O2 -c -mcpu=v9.3 -mlittle-endian -mxl-soft-mul" "EXTRA_COMPILER_FLAGS=-g -ffunction-sections -fdata-sections"
Compiling uartlite
make[2]: Entering directory `/usr9/research/chsegal/Documents/ECE153A/Artix7/lab3/backlitLCD/backlitLCD.sdk/SDK/SDK_Export/lcd_bsp/microblaze_0/libsrc/uartlite_v3_0/src'
rm -rf *.o 
make[2]: Leaving directory `/usr9/research/chsegal/Documents/ECE153A/Artix7/lab3/backlitLCD/backlitLCD.sdk/SDK/SDK_Export/lcd_bsp/microblaze_0/libsrc/uartlite_v3_0/src'
Finished building libraries
16:05:38 **** Auto Build of configuration Debug for project lcd ****
make all 
make: Nothing to be done for `all'.
16:05:38 **** Auto Build of configuration Debug for project demoTriState ****
make all 
make: Nothing to be done for `all'.
16:05:52 **** Auto Build of configuration Debug for project lcd ****
make all 
Building file: ../src/testperiph.c
Invoking: MicroBlaze gcc compiler
mb-gcc -Wall -O0 -g3 -c -fmessage-length=0 -I../../lcd_bsp/microblaze_0/include -mlittle-endian -mcpu=v9.3 -mxl-soft-mul -Wl,--no-relax -ffunction-sections -fdata-sections -MMD -MP -MF"src/testperiph.d" -MT"src/testperiph.d" -o "src/testperiph.o" "../src/testperiph.c"
../src/testperiph.c: In function 'main':
../src/testperiph.c:68:19: warning: unused variable 'axi_timer_0_Timer' [-Wunused-variable]
    static XTmrCtr axi_timer_0_Timer;
                   ^
../src/testperiph.c:67:17: warning: unused variable 'intc' [-Wunused-variable]
    static XIntc intc;
                 ^
Finished building: ../src/testperiph.c
 
Building target: lcd.elf
Invoking: MicroBlaze gcc linker
mb-gcc -Wl,-T -Wl,../src/lscript.ld -L../../lcd_bsp/microblaze_0/lib -mlittle-endian -mcpu=v9.3 -mxl-soft-mul -Wl,--no-relax -Wl,--gc-sections -o "lcd.elf"  ./src/testperiph.o ./src/xgpio_tapp_example.o ./src/xintc_tapp_example.o ./src/xtmrctr_intr_example.o ./src/xtmrctr_selftest_example.o   -Wl,--start-group,-lxil,-lgcc,-lc,--end-group
Finished building target: lcd.elf
 
Invoking: MicroBlaze Print Size
mb-size lcd.elf  |tee "lcd.elf.size"
   text	   data	    bss	    dec	    hex	filename
   7460	    344	   2092	   9896	   26a8	lcd.elf
Finished building: lcd.elf.size
 
16:05:56 **** Incremental Build of configuration Debug for project lcd ****
make all 
make: Nothing to be done for `all'.
16:05:57 **** Incremental Build of configuration Debug for project demoTriState ****
make all 
make: Nothing to be done for `all'.
16:06:55 **** Auto Build of configuration Debug for project lcd ****
make all 
Building file: ../src/testperiph.c
Invoking: MicroBlaze gcc compiler
mb-gcc -Wall -O0 -g3 -c -fmessage-length=0 -I../../lcd_bsp/microblaze_0/include -mlittle-endian -mcpu=v9.3 -mxl-soft-mul -Wl,--no-relax -ffunction-sections -fdata-sections -MMD -MP -MF"src/testperiph.d" -MT"src/testperiph.d" -o "src/testperiph.o" "../src/testperiph.c"
../src/testperiph.c: In function 'main':
../src/testperiph.c:68:19: warning: unused variable 'axi_timer_0_Timer' [-Wunused-variable]
    static XTmrCtr axi_timer_0_Timer;
                   ^
../src/testperiph.c:67:17: warning: unused variable 'intc' [-Wunused-variable]
    static XIntc intc;
                 ^
Finished building: ../src/testperiph.c
 
Building target: lcd.elf
Invoking: MicroBlaze gcc linker
mb-gcc -Wl,-T -Wl,../src/lscript.ld -L../../lcd_bsp/microblaze_0/lib -mlittle-endian -mcpu=v9.3 -mxl-soft-mul -Wl,--no-relax -Wl,--gc-sections -o "lcd.elf"  ./src/testperiph.o ./src/xgpio_tapp_example.o ./src/xintc_tapp_example.o ./src/xtmrctr_intr_example.o ./src/xtmrctr_selftest_example.o   -Wl,--start-group,-lxil,-lgcc,-lc,--end-group
Finished building target: lcd.elf
 
Invoking: MicroBlaze Print Size
mb-size lcd.elf  |tee "lcd.elf.size"
   text	   data	    bss	    dec	    hex	filename
   7464	    344	   2088	   9896	   26a8	lcd.elf
Finished building: lcd.elf.size
 
16:06:57 **** Incremental Build of configuration Debug for project lcd ****
make all 
make: Nothing to be done for `all'.
16:06:58 **** Incremental Build of configuration Debug for project demoTriState ****
make all 
make: Nothing to be done for `all'.
16:08:16 **** Auto Build of configuration Debug for project lcd ****
make all 
Building file: ../src/testperiph.c
Invoking: MicroBlaze gcc compiler
mb-gcc -Wall -O0 -g3 -c -fmessage-length=0 -I../../lcd_bsp/microblaze_0/include -mlittle-endian -mcpu=v9.3 -mxl-soft-mul -Wl,--no-relax -ffunction-sections -fdata-sections -MMD -MP -MF"src/testperiph.d" -MT"src/testperiph.d" -o "src/testperiph.o" "../src/testperiph.c"
../src/testperiph.c: In function 'main':
../src/testperiph.c:68:19: warning: unused variable 'axi_timer_0_Timer' [-Wunused-variable]
    static XTmrCtr axi_timer_0_Timer;
                   ^
../src/testperiph.c:67:17: warning: unused variable 'intc' [-Wunused-variable]
    static XIntc intc;
                 ^
Finished building: ../src/testperiph.c
 
Building target: lcd.elf
Invoking: MicroBlaze gcc linker
mb-gcc -Wl,-T -Wl,../src/lscript.ld -L../../lcd_bsp/microblaze_0/lib -mlittle-endian -mcpu=v9.3 -mxl-soft-mul -Wl,--no-relax -Wl,--gc-sections -o "lcd.elf"  ./src/testperiph.o ./src/xgpio_tapp_example.o ./src/xintc_tapp_example.o ./src/xtmrctr_intr_example.o ./src/xtmrctr_selftest_example.o   -Wl,--start-group,-lxil,-lgcc,-lc,--end-group
Finished building target: lcd.elf
 
Invoking: MicroBlaze Print Size
mb-size lcd.elf  |tee "lcd.elf.size"
   text	   data	    bss	    dec	    hex	filename
   7464	    344	   2088	   9896	   26a8	lcd.elf
Finished building: lcd.elf.size
 
16:08:37 **** Auto Build of configuration Debug for project lcd ****
make all 
Building file: ../src/testperiph.c
Invoking: MicroBlaze gcc compiler
mb-gcc -Wall -O0 -g3 -c -fmessage-length=0 -I../../lcd_bsp/microblaze_0/include -mlittle-endian -mcpu=v9.3 -mxl-soft-mul -Wl,--no-relax -ffunction-sections -fdata-sections -MMD -MP -MF"src/testperiph.d" -MT"src/testperiph.d" -o "src/testperiph.o" "../src/testperiph.c"
../src/testperiph.c: In function 'main':
../src/testperiph.c:68:19: warning: unused variable 'axi_timer_0_Timer' [-Wunused-variable]
    static XTmrCtr axi_timer_0_Timer;
                   ^
../src/testperiph.c:67:17: warning: unused variable 'intc' [-Wunused-variable]
    static XIntc intc;
                 ^
Finished building: ../src/testperiph.c
 
Building target: lcd.elf
Invoking: MicroBlaze gcc linker
mb-gcc -Wl,-T -Wl,../src/lscript.ld -L../../lcd_bsp/microblaze_0/lib -mlittle-endian -mcpu=v9.3 -mxl-soft-mul -Wl,--no-relax -Wl,--gc-sections -o "lcd.elf"  ./src/testperiph.o ./src/xgpio_tapp_example.o ./src/xintc_tapp_example.o ./src/xtmrctr_intr_example.o ./src/xtmrctr_selftest_example.o   -Wl,--start-group,-lxil,-lgcc,-lc,--end-group
Finished building target: lcd.elf
 
Invoking: MicroBlaze Print Size
mb-size lcd.elf  |tee "lcd.elf.size"
   text	   data	    bss	    dec	    hex	filename
   7464	    344	   2088	   9896	   26a8	lcd.elf
Finished building: lcd.elf.size
 
16:08:42 **** Incremental Build of configuration Debug for project lcd ****
make all 
make: Nothing to be done for `all'.
16:08:42 **** Incremental Build of configuration Debug for project demoTriState ****
make all 
make: Nothing to be done for `all'.
16:11:39 **** Auto Build of configuration Debug for project lcd ****
make all 
Building file: ../src/testperiph.c
Invoking: MicroBlaze gcc compiler
mb-gcc -Wall -O0 -g3 -c -fmessage-length=0 -I../../lcd_bsp/microblaze_0/include -mlittle-endian -mcpu=v9.3 -mxl-soft-mul -Wl,--no-relax -ffunction-sections -fdata-sections -MMD -MP -MF"src/testperiph.d" -MT"src/testperiph.d" -o "src/testperiph.o" "../src/testperiph.c"
../src/testperiph.c: In function 'main':
../src/testperiph.c:106:7: warning: implicit declaration of function 'Xil_ReadReg' [-Wimplicit-function-declaration]
       Xil_ReadReg(XPAR_GPIO_0_DEVICE_ID);
       ^
../src/testperiph.c:68:19: warning: unused variable 'axi_timer_0_Timer' [-Wunused-variable]
    static XTmrCtr axi_timer_0_Timer;
                   ^
../src/testperiph.c:67:17: warning: unused variable 'intc' [-Wunused-variable]
    static XIntc intc;
                 ^
Finished building: ../src/testperiph.c
 
Building target: lcd.elf
Invoking: MicroBlaze gcc linker
mb-gcc -Wl,-T -Wl,../src/lscript.ld -L../../lcd_bsp/microblaze_0/lib -mlittle-endian -mcpu=v9.3 -mxl-soft-mul -Wl,--no-relax -Wl,--gc-sections -o "lcd.elf"  ./src/testperiph.o ./src/xgpio_tapp_example.o ./src/xintc_tapp_example.o ./src/xtmrctr_intr_example.o ./src/xtmrctr_selftest_example.o   -Wl,--start-group,-lxil,-lgcc,-lc,--end-group
./src/testperiph.o: In function `main':
/usr9/research/chsegal/Documents/ECE153A/Artix7/lab3/backlitLCD/backlitLCD.sdk/SDK/SDK_Export/lcd/Debug/../src/testperiph.c:106: undefined reference to `Xil_ReadReg'
collect2: error: ld returned 1 exit status
make: *** [lcd.elf] Error 1
16:13:13 **** Auto Build of configuration Debug for project lcd ****
make all 
Building file: ../src/testperiph.c
Invoking: MicroBlaze gcc compiler
mb-gcc -Wall -O0 -g3 -c -fmessage-length=0 -I../../lcd_bsp/microblaze_0/include -mlittle-endian -mcpu=v9.3 -mxl-soft-mul -Wl,--no-relax -ffunction-sections -fdata-sections -MMD -MP -MF"src/testperiph.d" -MT"src/testperiph.d" -o "src/testperiph.o" "../src/testperiph.c"
../src/testperiph.c: In function 'main':
../src/testperiph.c:106:7: warning: implicit declaration of function 'Xil_ReadReg' [-Wimplicit-function-declaration]
       Xil_ReadReg(XPAR_GPIO_0_DEVICE_ID);
       ^
In file included from ../../lcd_bsp/microblaze_0/include/xintc_l.h:103:0,
                 from ../../lcd_bsp/microblaze_0/include/xintc.h:228,
                 from ../src/testperiph.c:33:
../src/testperiph.c:107:31: error: 'intcPress' undeclared (first use in this function)
       u32 axi_IVAR = Xil_In32(intcPress.BaseAddress + XIN_IVAR_OFFSET);
                               ^
../../lcd_bsp/microblaze_0/include/xil_io.h:144:44: note: in definition of macro 'Xil_In32'
 #define Xil_In32(Addr)  (*(volatile u32 *)(Addr))
                                            ^
../src/testperiph.c:107:31: note: each undeclared identifier is reported only once for each function it appears in
       u32 axi_IVAR = Xil_In32(intcPress.BaseAddress + XIN_IVAR_OFFSET);
                               ^
../../lcd_bsp/microblaze_0/include/xil_io.h:144:44: note: in definition of macro 'Xil_In32'
 #define Xil_In32(Addr)  (*(volatile u32 *)(Addr))
                                            ^
../src/testperiph.c:107:11: warning: unused variable 'axi_IVAR' [-Wunused-variable]
       u32 axi_IVAR = Xil_In32(intcPress.BaseAddress + XIN_IVAR_OFFSET);
           ^
../src/testperiph.c:68:19: warning: unused variable 'axi_timer_0_Timer' [-Wunused-variable]
    static XTmrCtr axi_timer_0_Timer;
                   ^
../src/testperiph.c:67:17: warning: unused variable 'intc' [-Wunused-variable]
    static XIntc intc;
                 ^
make: *** [src/testperiph.o] Error 1
16:13:17 **** Auto Build of configuration Debug for project lcd ****
make all 
Building file: ../src/testperiph.c
Invoking: MicroBlaze gcc compiler
mb-gcc -Wall -O0 -g3 -c -fmessage-length=0 -I../../lcd_bsp/microblaze_0/include -mlittle-endian -mcpu=v9.3 -mxl-soft-mul -Wl,--no-relax -ffunction-sections -fdata-sections -MMD -MP -MF"src/testperiph.d" -MT"src/testperiph.d" -o "src/testperiph.o" "../src/testperiph.c"
In file included from ../../lcd_bsp/microblaze_0/include/xintc_l.h:103:0,
                 from ../../lcd_bsp/microblaze_0/include/xintc.h:228,
                 from ../src/testperiph.c:33:
../src/testperiph.c: In function 'main':
../src/testperiph.c:107:31: error: 'intcPress' undeclared (first use in this function)
       u32 axi_IVAR = Xil_In32(intcPress.BaseAddress + XIN_IVAR_OFFSET);
                               ^
../../lcd_bsp/microblaze_0/include/xil_io.h:144:44: note: in definition of macro 'Xil_In32'
 #define Xil_In32(Addr)  (*(volatile u32 *)(Addr))
                                            ^
../src/testperiph.c:107:31: note: each undeclared identifier is reported only once for each function it appears in
       u32 axi_IVAR = Xil_In32(intcPress.BaseAddress + XIN_IVAR_OFFSET);
                               ^
../../lcd_bsp/microblaze_0/include/xil_io.h:144:44: note: in definition of macro 'Xil_In32'
 #define Xil_In32(Addr)  (*(volatile u32 *)(Addr))
                                            ^
../src/testperiph.c:107:11: warning: unused variable 'axi_IVAR' [-Wunused-variable]
       u32 axi_IVAR = Xil_In32(intcPress.BaseAddress + XIN_IVAR_OFFSET);
           ^
../src/testperiph.c:68:19: warning: unused variable 'axi_timer_0_Timer' [-Wunused-variable]
    static XTmrCtr axi_timer_0_Timer;
                   ^
../src/testperiph.c:67:17: warning: unused variable 'intc' [-Wunused-variable]
    static XIntc intc;
                 ^
make: *** [src/testperiph.o] Error 1
16:14:09 **** Auto Build of configuration Debug for project lcd ****
make all 
Building file: ../src/testperiph.c
Invoking: MicroBlaze gcc compiler
mb-gcc -Wall -O0 -g3 -c -fmessage-length=0 -I../../lcd_bsp/microblaze_0/include -mlittle-endian -mcpu=v9.3 -mxl-soft-mul -Wl,--no-relax -ffunction-sections -fdata-sections -MMD -MP -MF"src/testperiph.d" -MT"src/testperiph.d" -o "src/testperiph.o" "../src/testperiph.c"
In file included from ../../lcd_bsp/microblaze_0/include/xintc_l.h:103:0,
                 from ../../lcd_bsp/microblaze_0/include/xintc.h:228,
                 from ../src/testperiph.c:33:
../src/testperiph.c: In function 'main':
../src/testperiph.c:107:50: error: 'GPIO_TRI' undeclared (first use in this function)
       u32 gpio_Tri = Xil_In32(Gpio.BaseAddress + GPIO_TRI)
                                                  ^
../../lcd_bsp/microblaze_0/include/xil_io.h:144:44: note: in definition of macro 'Xil_In32'
 #define Xil_In32(Addr)  (*(volatile u32 *)(Addr))
                                            ^
../src/testperiph.c:107:50: note: each undeclared identifier is reported only once for each function it appears in
       u32 gpio_Tri = Xil_In32(Gpio.BaseAddress + GPIO_TRI)
                                                  ^
../../lcd_bsp/microblaze_0/include/xil_io.h:144:44: note: in definition of macro 'Xil_In32'
 #define Xil_In32(Addr)  (*(volatile u32 *)(Addr))
                                            ^
../src/testperiph.c:108:7: error: expected ',' or ';' before 'u32'
       u32 axi_IVAR = Xil_In32(intcPress.BaseAddress + XIN_IVAR_OFFSET);
       ^
../src/testperiph.c:107:11: warning: unused variable 'gpio_Tri' [-Wunused-variable]
       u32 gpio_Tri = Xil_In32(Gpio.BaseAddress + GPIO_TRI)
           ^
../src/testperiph.c:68:19: warning: unused variable 'axi_timer_0_Timer' [-Wunused-variable]
    static XTmrCtr axi_timer_0_Timer;
                   ^
../src/testperiph.c:67:17: warning: unused variable 'intc' [-Wunused-variable]
    static XIntc intc;
                 ^
make: *** [src/testperiph.o] Error 1
16:14:16 **** Auto Build of configuration Debug for project lcd ****
make all 
Building file: ../src/testperiph.c
Invoking: MicroBlaze gcc compiler
mb-gcc -Wall -O0 -g3 -c -fmessage-length=0 -I../../lcd_bsp/microblaze_0/include -mlittle-endian -mcpu=v9.3 -mxl-soft-mul -Wl,--no-relax -ffunction-sections -fdata-sections -MMD -MP -MF"src/testperiph.d" -MT"src/testperiph.d" -o "src/testperiph.o" "../src/testperiph.c"
In file included from ../../lcd_bsp/microblaze_0/include/xintc_l.h:103:0,
                 from ../../lcd_bsp/microblaze_0/include/xintc.h:228,
                 from ../src/testperiph.c:33:
../src/testperiph.c: In function 'main':
../src/testperiph.c:107:50: error: 'GPIO_TRI' undeclared (first use in this function)
       u32 gpio_Tri = Xil_In32(Gpio.BaseAddress + GPIO_TRI)
                                                  ^
../../lcd_bsp/microblaze_0/include/xil_io.h:144:44: note: in definition of macro 'Xil_In32'
 #define Xil_In32(Addr)  (*(volatile u32 *)(Addr))
                                            ^
../src/testperiph.c:107:50: note: each undeclared identifier is reported only once for each function it appears in
       u32 gpio_Tri = Xil_In32(Gpio.BaseAddress + GPIO_TRI)
                                                  ^
../../lcd_bsp/microblaze_0/include/xil_io.h:144:44: note: in definition of macro 'Xil_In32'
 #define Xil_In32(Addr)  (*(volatile u32 *)(Addr))
                                            ^
../src/testperiph.c:109:7: error: expected ',' or ';' before 'count'
       count = XTmrCtr_GetTimerCounterReg(XPAR_TMRCTR_0_BASEADDR, 1);
       ^
../src/testperiph.c:107:11: warning: unused variable 'gpio_Tri' [-Wunused-variable]
       u32 gpio_Tri = Xil_In32(Gpio.BaseAddress + GPIO_TRI)
           ^
../src/testperiph.c:68:19: warning: unused variable 'axi_timer_0_Timer' [-Wunused-variable]
    static XTmrCtr axi_timer_0_Timer;
                   ^
../src/testperiph.c:67:17: warning: unused variable 'intc' [-Wunused-variable]
    static XIntc intc;
                 ^
make: *** [src/testperiph.o] Error 1
16:14:20 **** Auto Build of configuration Debug for project lcd ****
make all 
Building file: ../src/testperiph.c
Invoking: MicroBlaze gcc compiler
mb-gcc -Wall -O0 -g3 -c -fmessage-length=0 -I../../lcd_bsp/microblaze_0/include -mlittle-endian -mcpu=v9.3 -mxl-soft-mul -Wl,--no-relax -ffunction-sections -fdata-sections -MMD -MP -MF"src/testperiph.d" -MT"src/testperiph.d" -o "src/testperiph.o" "../src/testperiph.c"
In file included from ../../lcd_bsp/microblaze_0/include/xintc_l.h:103:0,
                 from ../../lcd_bsp/microblaze_0/include/xintc.h:228,
                 from ../src/testperiph.c:33:
../src/testperiph.c: In function 'main':
../src/testperiph.c:107:50: error: 'GPIO_TRI' undeclared (first use in this function)
       u32 gpio_Tri = Xil_In32(Gpio.BaseAddress + GPIO_TRI);
                                                  ^
../../lcd_bsp/microblaze_0/include/xil_io.h:144:44: note: in definition of macro 'Xil_In32'
 #define Xil_In32(Addr)  (*(volatile u32 *)(Addr))
                                            ^
../src/testperiph.c:107:50: note: each undeclared identifier is reported only once for each function it appears in
       u32 gpio_Tri = Xil_In32(Gpio.BaseAddress + GPIO_TRI);
                                                  ^
../../lcd_bsp/microblaze_0/include/xil_io.h:144:44: note: in definition of macro 'Xil_In32'
 #define Xil_In32(Addr)  (*(volatile u32 *)(Addr))
                                            ^
../src/testperiph.c:107:11: warning: unused variable 'gpio_Tri' [-Wunused-variable]
       u32 gpio_Tri = Xil_In32(Gpio.BaseAddress + GPIO_TRI);
           ^
../src/testperiph.c:68:19: warning: unused variable 'axi_timer_0_Timer' [-Wunused-variable]
    static XTmrCtr axi_timer_0_Timer;
                   ^
../src/testperiph.c:67:17: warning: unused variable 'intc' [-Wunused-variable]
    static XIntc intc;
                 ^
make: *** [src/testperiph.o] Error 1
16:15:28 **** Auto Build of configuration Debug for project lcd ****
make all 
Building file: ../src/testperiph.c
Invoking: MicroBlaze gcc compiler
mb-gcc -Wall -O0 -g3 -c -fmessage-length=0 -I../../lcd_bsp/microblaze_0/include -mlittle-endian -mcpu=v9.3 -mxl-soft-mul -Wl,--no-relax -ffunction-sections -fdata-sections -MMD -MP -MF"src/testperiph.d" -MT"src/testperiph.d" -o "src/testperiph.o" "../src/testperiph.c"
In file included from ../../lcd_bsp/microblaze_0/include/xintc_l.h:103:0,
                 from ../../lcd_bsp/microblaze_0/include/xintc.h:228,
                 from ../src/testperiph.c:33:
../src/testperiph.c: In function 'main':
../src/testperiph.c:107:50: error: 'XPAR_GPIO_TRI' undeclared (first use in this function)
       u32 gpio_Tri = Xil_In32(Gpio.BaseAddress + XPAR_GPIO_TRI);
                                                  ^
../../lcd_bsp/microblaze_0/include/xil_io.h:144:44: note: in definition of macro 'Xil_In32'
 #define Xil_In32(Addr)  (*(volatile u32 *)(Addr))
                                            ^
../src/testperiph.c:107:50: note: each undeclared identifier is reported only once for each function it appears in
       u32 gpio_Tri = Xil_In32(Gpio.BaseAddress + XPAR_GPIO_TRI);
                                                  ^
../../lcd_bsp/microblaze_0/include/xil_io.h:144:44: note: in definition of macro 'Xil_In32'
 #define Xil_In32(Addr)  (*(volatile u32 *)(Addr))
                                            ^
../src/testperiph.c:107:11: warning: unused variable 'gpio_Tri' [-Wunused-variable]
       u32 gpio_Tri = Xil_In32(Gpio.BaseAddress + XPAR_GPIO_TRI);
           ^
../src/testperiph.c:68:19: warning: unused variable 'axi_timer_0_Timer' [-Wunused-variable]
    static XTmrCtr axi_timer_0_Timer;
                   ^
../src/testperiph.c:67:17: warning: unused variable 'intc' [-Wunused-variable]
    static XIntc intc;
                 ^
make: *** [src/testperiph.o] Error 1
16:16:14 **** Auto Build of configuration Debug for project lcd ****
make all 
Building file: ../src/testperiph.c
Invoking: MicroBlaze gcc compiler
mb-gcc -Wall -O0 -g3 -c -fmessage-length=0 -I../../lcd_bsp/microblaze_0/include -mlittle-endian -mcpu=v9.3 -mxl-soft-mul -Wl,--no-relax -ffunction-sections -fdata-sections -MMD -MP -MF"src/testperiph.d" -MT"src/testperiph.d" -o "src/testperiph.o" "../src/testperiph.c"
../src/testperiph.c: In function 'main':
../src/testperiph.c:107:11: warning: unused variable 'gpio_Tri' [-Wunused-variable]
       u32 gpio_Tri = Xil_In32(Gpio.BaseAddress + XGPIO_TRI_OFFSET);
           ^
../src/testperiph.c:68:19: warning: unused variable 'axi_timer_0_Timer' [-Wunused-variable]
    static XTmrCtr axi_timer_0_Timer;
                   ^
../src/testperiph.c:67:17: warning: unused variable 'intc' [-Wunused-variable]
    static XIntc intc;
                 ^
Finished building: ../src/testperiph.c
 
Building target: lcd.elf
Invoking: MicroBlaze gcc linker
mb-gcc -Wl,-T -Wl,../src/lscript.ld -L../../lcd_bsp/microblaze_0/lib -mlittle-endian -mcpu=v9.3 -mxl-soft-mul -Wl,--no-relax -Wl,--gc-sections -o "lcd.elf"  ./src/testperiph.o ./src/xgpio_tapp_example.o ./src/xintc_tapp_example.o ./src/xtmrctr_intr_example.o ./src/xtmrctr_selftest_example.o   -Wl,--start-group,-lxil,-lgcc,-lc,--end-group
Finished building target: lcd.elf
 
Invoking: MicroBlaze Print Size
mb-size lcd.elf  |tee "lcd.elf.size"
   text	   data	    bss	    dec	    hex	filename
   7480	    344	   2088	   9912	   26b8	lcd.elf
Finished building: lcd.elf.size
 
16:16:34 **** Auto Build of configuration Debug for project lcd ****
make all 
Building file: ../src/testperiph.c
Invoking: MicroBlaze gcc compiler
mb-gcc -Wall -O0 -g3 -c -fmessage-length=0 -I../../lcd_bsp/microblaze_0/include -mlittle-endian -mcpu=v9.3 -mxl-soft-mul -Wl,--no-relax -ffunction-sections -fdata-sections -MMD -MP -MF"src/testperiph.d" -MT"src/testperiph.d" -o "src/testperiph.o" "../src/testperiph.c"
../src/testperiph.c: In function 'main':
../src/testperiph.c:68:19: warning: unused variable 'axi_timer_0_Timer' [-Wunused-variable]
    static XTmrCtr axi_timer_0_Timer;
                   ^
../src/testperiph.c:67:17: warning: unused variable 'intc' [-Wunused-variable]
    static XIntc intc;
                 ^
Finished building: ../src/testperiph.c
 
Building target: lcd.elf
Invoking: MicroBlaze gcc linker
mb-gcc -Wl,-T -Wl,../src/lscript.ld -L../../lcd_bsp/microblaze_0/lib -mlittle-endian -mcpu=v9.3 -mxl-soft-mul -Wl,--no-relax -Wl,--gc-sections -o "lcd.elf"  ./src/testperiph.o ./src/xgpio_tapp_example.o ./src/xintc_tapp_example.o ./src/xtmrctr_intr_example.o ./src/xtmrctr_selftest_example.o   -Wl,--start-group,-lxil,-lgcc,-lc,--end-group
Finished building target: lcd.elf
 
Invoking: MicroBlaze Print Size
mb-size lcd.elf  |tee "lcd.elf.size"
   text	   data	    bss	    dec	    hex	filename
   7520	    344	   2088	   9952	   26e0	lcd.elf
Finished building: lcd.elf.size
 
16:16:52 **** Auto Build of configuration Debug for project lcd ****
make all 
Building file: ../src/testperiph.c
Invoking: MicroBlaze gcc compiler
mb-gcc -Wall -O0 -g3 -c -fmessage-length=0 -I../../lcd_bsp/microblaze_0/include -mlittle-endian -mcpu=v9.3 -mxl-soft-mul -Wl,--no-relax -ffunction-sections -fdata-sections -MMD -MP -MF"src/testperiph.d" -MT"src/testperiph.d" -o "src/testperiph.o" "../src/testperiph.c"
../src/testperiph.c: In function 'main':
../src/testperiph.c:68:19: warning: unused variable 'axi_timer_0_Timer' [-Wunused-variable]
    static XTmrCtr axi_timer_0_Timer;
                   ^
../src/testperiph.c:67:17: warning: unused variable 'intc' [-Wunused-variable]
    static XIntc intc;
                 ^
Finished building: ../src/testperiph.c
 
Building target: lcd.elf
Invoking: MicroBlaze gcc linker
mb-gcc -Wl,-T -Wl,../src/lscript.ld -L../../lcd_bsp/microblaze_0/lib -mlittle-endian -mcpu=v9.3 -mxl-soft-mul -Wl,--no-relax -Wl,--gc-sections -o "lcd.elf"  ./src/testperiph.o ./src/xgpio_tapp_example.o ./src/xintc_tapp_example.o ./src/xtmrctr_intr_example.o ./src/xtmrctr_selftest_example.o   -Wl,--start-group,-lxil,-lgcc,-lc,--end-group
Finished building target: lcd.elf
 
Invoking: MicroBlaze Print Size
mb-size lcd.elf  |tee "lcd.elf.size"
   text	   data	    bss	    dec	    hex	filename
   7540	    344	   2092	   9976	   26f8	lcd.elf
Finished building: lcd.elf.size
 
16:16:54 **** Incremental Build of configuration Debug for project lcd ****
make all 
make: Nothing to be done for `all'.
16:16:55 **** Incremental Build of configuration Debug for project demoTriState ****
make all 
make: Nothing to be done for `all'.
16:18:04 **** Auto Build of configuration Debug for project lcd ****
make all 
Building file: ../src/testperiph.c
Invoking: MicroBlaze gcc compiler
mb-gcc -Wall -O0 -g3 -c -fmessage-length=0 -I../../lcd_bsp/microblaze_0/include -mlittle-endian -mcpu=v9.3 -mxl-soft-mul -Wl,--no-relax -ffunction-sections -fdata-sections -MMD -MP -MF"src/testperiph.d" -MT"src/testperiph.d" -o "src/testperiph.o" "../src/testperiph.c"
../src/testperiph.c: In function 'main':
../src/testperiph.c:108:11: warning: unused variable 'gpio_Data' [-Wunused-variable]
       u32 gpio_Data = Xil_In32(Gpio.BaseAddress + XGPIO_DATA_OFFSET);
           ^
../src/testperiph.c:68:19: warning: unused variable 'axi_timer_0_Timer' [-Wunused-variable]
    static XTmrCtr axi_timer_0_Timer;
                   ^
../src/testperiph.c:67:17: warning: unused variable 'intc' [-Wunused-variable]
    static XIntc intc;
                 ^
Finished building: ../src/testperiph.c
 
Building target: lcd.elf
Invoking: MicroBlaze gcc linker
mb-gcc -Wl,-T -Wl,../src/lscript.ld -L../../lcd_bsp/microblaze_0/lib -mlittle-endian -mcpu=v9.3 -mxl-soft-mul -Wl,--no-relax -Wl,--gc-sections -o "lcd.elf"  ./src/testperiph.o ./src/xgpio_tapp_example.o ./src/xintc_tapp_example.o ./src/xtmrctr_intr_example.o ./src/xtmrctr_selftest_example.o   -Wl,--start-group,-lxil,-lgcc,-lc,--end-group
Finished building target: lcd.elf
 
Invoking: MicroBlaze Print Size
mb-size lcd.elf  |tee "lcd.elf.size"
   text	   data	    bss	    dec	    hex	filename
   7596	    344	   2092	  10032	   2730	lcd.elf
Finished building: lcd.elf.size
 
16:18:09 **** Auto Build of configuration Debug for project lcd ****
make all 
Building file: ../src/testperiph.c
Invoking: MicroBlaze gcc compiler
mb-gcc -Wall -O0 -g3 -c -fmessage-length=0 -I../../lcd_bsp/microblaze_0/include -mlittle-endian -mcpu=v9.3 -mxl-soft-mul -Wl,--no-relax -ffunction-sections -fdata-sections -MMD -MP -MF"src/testperiph.d" -MT"src/testperiph.d" -o "src/testperiph.o" "../src/testperiph.c"
../src/testperiph.c: In function 'main':
../src/testperiph.c:68:19: warning: unused variable 'axi_timer_0_Timer' [-Wunused-variable]
    static XTmrCtr axi_timer_0_Timer;
                   ^
../src/testperiph.c:67:17: warning: unused variable 'intc' [-Wunused-variable]
    static XIntc intc;
                 ^
Finished building: ../src/testperiph.c
 
Building target: lcd.elf
Invoking: MicroBlaze gcc linker
mb-gcc -Wl,-T -Wl,../src/lscript.ld -L../../lcd_bsp/microblaze_0/lib -mlittle-endian -mcpu=v9.3 -mxl-soft-mul -Wl,--no-relax -Wl,--gc-sections -o "lcd.elf"  ./src/testperiph.o ./src/xgpio_tapp_example.o ./src/xintc_tapp_example.o ./src/xtmrctr_intr_example.o ./src/xtmrctr_selftest_example.o   -Wl,--start-group,-lxil,-lgcc,-lc,--end-group
Finished building target: lcd.elf
 
Invoking: MicroBlaze Print Size
mb-size lcd.elf  |tee "lcd.elf.size"
   text	   data	    bss	    dec	    hex	filename
   7596	    344	   2092	  10032	   2730	lcd.elf
Finished building: lcd.elf.size
 
16:18:15 **** Incremental Build of configuration Debug for project lcd ****
make all 
make: Nothing to be done for `all'.
16:18:15 **** Incremental Build of configuration Debug for project demoTriState ****
make all 
make: Nothing to be done for `all'.
16:19:05 **** Auto Build of configuration Debug for project lcd ****
make all 
Building file: ../src/testperiph.c
Invoking: MicroBlaze gcc compiler
mb-gcc -Wall -O0 -g3 -c -fmessage-length=0 -I../../lcd_bsp/microblaze_0/include -mlittle-endian -mcpu=v9.3 -mxl-soft-mul -Wl,--no-relax -ffunction-sections -fdata-sections -MMD -MP -MF"src/testperiph.d" -MT"src/testperiph.d" -o "src/testperiph.o" "../src/testperiph.c"
../src/testperiph.c: In function 'main':
../src/testperiph.c:105:37: error: 'FFFF' undeclared (first use in this function)
       XGpio_DiscreteWrite(&Gpio, 1, FFFF);
                                     ^
../src/testperiph.c:105:37: note: each undeclared identifier is reported only once for each function it appears in
../src/testperiph.c:68:19: warning: unused variable 'axi_timer_0_Timer' [-Wunused-variable]
    static XTmrCtr axi_timer_0_Timer;
                   ^
../src/testperiph.c:67:17: warning: unused variable 'intc' [-Wunused-variable]
    static XIntc intc;
                 ^
make: *** [src/testperiph.o] Error 1
16:19:10 **** Auto Build of configuration Debug for project lcd ****
make all 
Building file: ../src/testperiph.c
Invoking: MicroBlaze gcc compiler
mb-gcc -Wall -O0 -g3 -c -fmessage-length=0 -I../../lcd_bsp/microblaze_0/include -mlittle-endian -mcpu=v9.3 -mxl-soft-mul -Wl,--no-relax -ffunction-sections -fdata-sections -MMD -MP -MF"src/testperiph.d" -MT"src/testperiph.d" -o "src/testperiph.o" "../src/testperiph.c"
../src/testperiph.c: In function 'main':
../src/testperiph.c:68:19: warning: unused variable 'axi_timer_0_Timer' [-Wunused-variable]
    static XTmrCtr axi_timer_0_Timer;
                   ^
../src/testperiph.c:67:17: warning: unused variable 'intc' [-Wunused-variable]
    static XIntc intc;
                 ^
Finished building: ../src/testperiph.c
 
Building target: lcd.elf
Invoking: MicroBlaze gcc linker
mb-gcc -Wl,-T -Wl,../src/lscript.ld -L../../lcd_bsp/microblaze_0/lib -mlittle-endian -mcpu=v9.3 -mxl-soft-mul -Wl,--no-relax -Wl,--gc-sections -o "lcd.elf"  ./src/testperiph.o ./src/xgpio_tapp_example.o ./src/xintc_tapp_example.o ./src/xtmrctr_intr_example.o ./src/xtmrctr_selftest_example.o   -Wl,--start-group,-lxil,-lgcc,-lc,--end-group
Finished building target: lcd.elf
 
Invoking: MicroBlaze Print Size
mb-size lcd.elf  |tee "lcd.elf.size"
   text	   data	    bss	    dec	    hex	filename
   7592	    344	   2088	  10024	   2728	lcd.elf
Finished building: lcd.elf.size
 
16:21:20 **** Auto Build of configuration Debug for project lcd ****
make all 
Building file: ../src/testperiph.c
Invoking: MicroBlaze gcc compiler
mb-gcc -Wall -O0 -g3 -c -fmessage-length=0 -I../../lcd_bsp/microblaze_0/include -mlittle-endian -mcpu=v9.3 -mxl-soft-mul -Wl,--no-relax -ffunction-sections -fdata-sections -MMD -MP -MF"src/testperiph.d" -MT"src/testperiph.d" -o "src/testperiph.o" "../src/testperiph.c"
../src/testperiph.c: In function 'main':
../src/testperiph.c:68:19: warning: unused variable 'axi_timer_0_Timer' [-Wunused-variable]
    static XTmrCtr axi_timer_0_Timer;
                   ^
../src/testperiph.c:67:17: warning: unused variable 'intc' [-Wunused-variable]
    static XIntc intc;
                 ^
Finished building: ../src/testperiph.c
 
Building target: lcd.elf
Invoking: MicroBlaze gcc linker
[...]
Compiling bram
make[2]: Entering directory `/usr9/research/chsegal/Documents/ECE153A/Artix7/lab3/backlitLCD/backlitLCD.sdk/SDK/SDK_Export/lcd_bsp/microblaze_0/libsrc/bram_v4_0/src'
rm -rf *.o 
make[2]: Leaving directory `/usr9/research/chsegal/Documents/ECE153A/Artix7/lab3/backlitLCD/backlitLCD.sdk/SDK/SDK_Export/lcd_bsp/microblaze_0/libsrc/bram_v4_0/src'
Running Make libs in microblaze_0/libsrc/cpu_v2_0/src
make -C microblaze_0/libsrc/cpu_v2_0/src -s libs -e "SHELL=/bin/sh" "COMPILER=mb-gcc" "ARCHIVER=mb-ar" "COMPILER_FLAGS= -O2 -c -mcpu=v9.3 -mlittle-endian -mxl-soft-mul" "EXTRA_COMPILER_FLAGS=-g -ffunction-sections -fdata-sections"
Compiling cpu
make[2]: Entering directory `/usr9/research/chsegal/Documents/ECE153A/Artix7/lab3/backlitLCD/backlitLCD.sdk/SDK/SDK_Export/lcd_bsp/microblaze_0/libsrc/cpu_v2_0/src'
rm -rf *.o
make[2]: Leaving directory `/usr9/research/chsegal/Documents/ECE153A/Artix7/lab3/backlitLCD/backlitLCD.sdk/SDK/SDK_Export/lcd_bsp/microblaze_0/libsrc/cpu_v2_0/src'
Running Make libs in microblaze_0/libsrc/gpio_v4_0/src
make -C microblaze_0/libsrc/gpio_v4_0/src -s libs -e "SHELL=/bin/sh" "COMPILER=mb-gcc" "ARCHIVER=mb-ar" "COMPILER_FLAGS= -O2 -c -mcpu=v9.3 -mlittle-endian -mxl-soft-mul" "EXTRA_COMPILER_FLAGS=-g -ffunction-sections -fdata-sections"
Compiling gpio
make[2]: Entering directory `/usr9/research/chsegal/Documents/ECE153A/Artix7/lab3/backlitLCD/backlitLCD.sdk/SDK/SDK_Export/lcd_bsp/microblaze_0/libsrc/gpio_v4_0/src'
rm -rf *.o 
make[2]: Leaving directory `/usr9/research/chsegal/Documents/ECE153A/Artix7/lab3/backlitLCD/backlitLCD.sdk/SDK/SDK_Export/lcd_bsp/microblaze_0/libsrc/gpio_v4_0/src'
Running Make libs in microblaze_0/libsrc/intc_v3_0/src
make -C microblaze_0/libsrc/intc_v3_0/src -s libs -e "SHELL=/bin/sh" "COMPILER=mb-gcc" "ARCHIVER=mb-ar" "COMPILER_FLAGS= -O2 -c -mcpu=v9.3 -mlittle-endian -mxl-soft-mul" "EXTRA_COMPILER_FLAGS=-g -ffunction-sections -fdata-sections"
Compiling intc
make[2]: Entering directory `/usr9/research/chsegal/Documents/ECE153A/Artix7/lab3/backlitLCD/backlitLCD.sdk/SDK/SDK_Export/lcd_bsp/microblaze_0/libsrc/intc_v3_0/src'
rm -rf *.o 
make[2]: Leaving directory `/usr9/research/chsegal/Documents/ECE153A/Artix7/lab3/backlitLCD/backlitLCD.sdk/SDK/SDK_Export/lcd_bsp/microblaze_0/libsrc/intc_v3_0/src'
Running Make libs in microblaze_0/libsrc/standalone_v4_0/src
make -C microblaze_0/libsrc/standalone_v4_0/src -s libs -e "SHELL=/bin/sh" "COMPILER=mb-gcc" "ARCHIVER=mb-ar" "COMPILER_FLAGS= -O2 -c -mcpu=v9.3 -mlittle-endian -mxl-soft-mul" "EXTRA_COMPILER_FLAGS=-g -ffunction-sections -fdata-sections"
Compiling standalone
Running Make libs in microblaze_0/libsrc/tmrctr_v3_0/src
make -C microblaze_0/libsrc/tmrctr_v3_0/src -s libs -e "SHELL=/bin/sh" "COMPILER=mb-gcc" "ARCHIVER=mb-ar" "COMPILER_FLAGS= -O2 -c -mcpu=v9.3 -mlittle-endian -mxl-soft-mul" "EXTRA_COMPILER_FLAGS=-g -ffunction-sections -fdata-sections"
Compiling tmrctr
make[2]: Entering directory `/usr9/research/chsegal/Documents/ECE153A/Artix7/lab3/backlitLCD/backlitLCD.sdk/SDK/SDK_Export/lcd_bsp/microblaze_0/libsrc/tmrctr_v3_0/src'
rm -rf *.o 
make[2]: Leaving directory `/usr9/research/chsegal/Documents/ECE153A/Artix7/lab3/backlitLCD/backlitLCD.sdk/SDK/SDK_Export/lcd_bsp/microblaze_0/libsrc/tmrctr_v3_0/src'
Running Make libs in microblaze_0/libsrc/uartlite_v3_0/src
make -C microblaze_0/libsrc/uartlite_v3_0/src -s libs -e "SHELL=/bin/sh" "COMPILER=mb-gcc" "ARCHIVER=mb-ar" "COMPILER_FLAGS= -O2 -c -mcpu=v9.3 -mlittle-endian -mxl-soft-mul" "EXTRA_COMPILER_FLAGS=-g -ffunction-sections -fdata-sections"
Compiling uartlite
make[2]: Entering directory `/usr9/research/chsegal/Documents/ECE153A/Artix7/lab3/backlitLCD/backlitLCD.sdk/SDK/SDK_Export/lcd_bsp/microblaze_0/libsrc/uartlite_v3_0/src'
rm -rf *.o 
make[2]: Leaving directory `/usr9/research/chsegal/Documents/ECE153A/Artix7/lab3/backlitLCD/backlitLCD.sdk/SDK/SDK_Export/lcd_bsp/microblaze_0/libsrc/uartlite_v3_0/src'
Finished building libraries
14:09:04 **** Build of configuration Debug for project lcd ****
make all 
make: Nothing to be done for `all'.
14:09:05 **** Build of configuration Debug for project demoTriState ****
make all 
make: Nothing to be done for `all'.
14:53:51 **** Incremental Build of configuration Debug for project lcd ****
make all 
make: Nothing to be done for `all'.
14:53:52 **** Incremental Build of configuration Debug for project demoTriState ****
make all 
make: Nothing to be done for `all'.
17:22:53 **** Auto Build of project lcd_bsp ****
make -k all 
Running Make include in microblaze_0/libsrc/bram_v4_0/src
make -C microblaze_0/libsrc/bram_v4_0/src -s include -e "SHELL=/bin/sh" "COMPILER=mb-gcc" "ARCHIVER=mb-ar" "COMPILER_FLAGS= -O2 -c -mcpu=v9.3 -mlittle-endian -mxl-soft-mul" "EXTRA_COMPILER_FLAGS=-g -ffunction-sections -fdata-sections"
Running Make include in microblaze_0/libsrc/cpu_v2_0/src
make -C microblaze_0/libsrc/cpu_v2_0/src -s include -e "SHELL=/bin/sh" "COMPILER=mb-gcc" "ARCHIVER=mb-ar" "COMPILER_FLAGS= -O2 -c -mcpu=v9.3 -mlittle-endian -mxl-soft-mul" "EXTRA_COMPILER_FLAGS=-g -ffunction-sections -fdata-sections"
Running Make include in microblaze_0/libsrc/gpio_v4_0/src
make -C microblaze_0/libsrc/gpio_v4_0/src -s include -e "SHELL=/bin/sh" "COMPILER=mb-gcc" "ARCHIVER=mb-ar" "COMPILER_FLAGS= -O2 -c -mcpu=v9.3 -mlittle-endian -mxl-soft-mul" "EXTRA_COMPILER_FLAGS=-g -ffunction-sections -fdata-sections"
Running Make include in microblaze_0/libsrc/intc_v3_0/src
make -C microblaze_0/libsrc/intc_v3_0/src -s include -e "SHELL=/bin/sh" "COMPILER=mb-gcc" "ARCHIVER=mb-ar" "COMPILER_FLAGS= -O2 -c -mcpu=v9.3 -mlittle-endian -mxl-soft-mul" "EXTRA_COMPILER_FLAGS=-g -ffunction-sections -fdata-sections"
Running Make include in microblaze_0/libsrc/standalone_v4_0/src
make -C microblaze_0/libsrc/standalone_v4_0/src -s include -e "SHELL=/bin/sh" "COMPILER=mb-gcc" "ARCHIVER=mb-ar" "COMPILER_FLAGS= -O2 -c -mcpu=v9.3 -mlittle-endian -mxl-soft-mul" "EXTRA_COMPILER_FLAGS=-g -ffunction-sections -fdata-sections"
make[2]: Entering directory `/usr9/research/chsegal/Documents/ECE153A/Artix7/lab3/backlitLCD/backlitLCD.sdk/SDK/SDK_Export/lcd_bsp/microblaze_0/libsrc/standalone_v4_0/src/profile'
cp -rf profile.h mblaze_nt_types.h _profile_timer_hw.h ../../../../include
make[2]: Leaving directory `/usr9/research/chsegal/Documents/ECE153A/Artix7/lab3/backlitLCD/backlitLCD.sdk/SDK/SDK_Export/lcd_bsp/microblaze_0/libsrc/standalone_v4_0/src/profile'
Running Make include in microblaze_0/libsrc/tmrctr_v3_0/src
make -C microblaze_0/libsrc/tmrctr_v3_0/src -s include -e "SHELL=/bin/sh" "COMPILER=mb-gcc" "ARCHIVER=mb-ar" "COMPILER_FLAGS= -O2 -c -mcpu=v9.3 -mlittle-endian -mxl-soft-mul" "EXTRA_COMPILER_FLAGS=-g -ffunction-sections -fdata-sections"
Running Make include in microblaze_0/libsrc/uartlite_v3_0/src
make -C microblaze_0/libsrc/uartlite_v3_0/src -s include -e "SHELL=/bin/sh" "COMPILER=mb-gcc" "ARCHIVER=mb-ar" "COMPILER_FLAGS= -O2 -c -mcpu=v9.3 -mlittle-endian -mxl-soft-mul" "EXTRA_COMPILER_FLAGS=-g -ffunction-sections -fdata-sections"
Running Make libs in microblaze_0/libsrc/bram_v4_0/src
make -C microblaze_0/libsrc/bram_v4_0/src -s libs -e "SHELL=/bin/sh" "COMPILER=mb-gcc" "ARCHIVER=mb-ar" "COMPILER_FLAGS= -O2 -c -mcpu=v9.3 -mlittle-endian -mxl-soft-mul" "EXTRA_COMPILER_FLAGS=-g -ffunction-sections -fdata-sections"
Compiling bram
make[2]: Entering directory `/usr9/research/chsegal/Documents/ECE153A/Artix7/lab3/backlitLCD/backlitLCD.sdk/SDK/SDK_Export/lcd_bsp/microblaze_0/libsrc/bram_v4_0/src'
rm -rf *.o 
make[2]: Leaving directory `/usr9/research/chsegal/Documents/ECE153A/Artix7/lab3/backlitLCD/backlitLCD.sdk/SDK/SDK_Export/lcd_bsp/microblaze_0/libsrc/bram_v4_0/src'
Running Make libs in microblaze_0/libsrc/cpu_v2_0/src
make -C microblaze_0/libsrc/cpu_v2_0/src -s libs -e "SHELL=/bin/sh" "COMPILER=mb-gcc" "ARCHIVER=mb-ar" "COMPILER_FLAGS= -O2 -c -mcpu=v9.3 -mlittle-endian -mxl-soft-mul" "EXTRA_COMPILER_FLAGS=-g -ffunction-sections -fdata-sections"
Compiling cpu
make[2]: Entering directory `/usr9/research/chsegal/Documents/ECE153A/Artix7/lab3/backlitLCD/backlitLCD.sdk/SDK/SDK_Export/lcd_bsp/microblaze_0/libsrc/cpu_v2_0/src'
rm -rf *.o
make[2]: Leaving directory `/usr9/research/chsegal/Documents/ECE153A/Artix7/lab3/backlitLCD/backlitLCD.sdk/SDK/SDK_Export/lcd_bsp/microblaze_0/libsrc/cpu_v2_0/src'
Running Make libs in microblaze_0/libsrc/gpio_v4_0/src
make -C microblaze_0/libsrc/gpio_v4_0/src -s libs -e "SHELL=/bin/sh" "COMPILER=mb-gcc" "ARCHIVER=mb-ar" "COMPILER_FLAGS= -O2 -c -mcpu=v9.3 -mlittle-endian -mxl-soft-mul" "EXTRA_COMPILER_FLAGS=-g -ffunction-sections -fdata-sections"
Compiling gpio
make[2]: Entering directory `/usr9/research/chsegal/Documents/ECE153A/Artix7/lab3/backlitLCD/backlitLCD.sdk/SDK/SDK_Export/lcd_bsp/microblaze_0/libsrc/gpio_v4_0/src'
rm -rf *.o 
make[2]: Leaving directory `/usr9/research/chsegal/Documents/ECE153A/Artix7/lab3/backlitLCD/backlitLCD.sdk/SDK/SDK_Export/lcd_bsp/microblaze_0/libsrc/gpio_v4_0/src'
Running Make libs in microblaze_0/libsrc/intc_v3_0/src
make -C microblaze_0/libsrc/intc_v3_0/src -s libs -e "SHELL=/bin/sh" "COMPILER=mb-gcc" "ARCHIVER=mb-ar" "COMPILER_FLAGS= -O2 -c -mcpu=v9.3 -mlittle-endian -mxl-soft-mul" "EXTRA_COMPILER_FLAGS=-g -ffunction-sections -fdata-sections"
Compiling intc
make[2]: Entering directory `/usr9/research/chsegal/Documents/ECE153A/Artix7/lab3/backlitLCD/backlitLCD.sdk/SDK/SDK_Export/lcd_bsp/microblaze_0/libsrc/intc_v3_0/src'
rm -rf *.o 
make[2]: Leaving directory `/usr9/research/chsegal/Documents/ECE153A/Artix7/lab3/backlitLCD/backlitLCD.sdk/SDK/SDK_Export/lcd_bsp/microblaze_0/libsrc/intc_v3_0/src'
Running Make libs in microblaze_0/libsrc/standalone_v4_0/src
make -C microblaze_0/libsrc/standalone_v4_0/src -s libs -e "SHELL=/bin/sh" "COMPILER=mb-gcc" "ARCHIVER=mb-ar" "COMPILER_FLAGS= -O2 -c -mcpu=v9.3 -mlittle-endian -mxl-soft-mul" "EXTRA_COMPILER_FLAGS=-g -ffunction-sections -fdata-sections"
Compiling standalone
Running Make libs in microblaze_0/libsrc/tmrctr_v3_0/src
make -C microblaze_0/libsrc/tmrctr_v3_0/src -s libs -e "SHELL=/bin/sh" "COMPILER=mb-gcc" "ARCHIVER=mb-ar" "COMPILER_FLAGS= -O2 -c -mcpu=v9.3 -mlittle-endian -mxl-soft-mul" "EXTRA_COMPILER_FLAGS=-g -ffunction-sections -fdata-sections"
Compiling tmrctr
make[2]: Entering directory `/usr9/research/chsegal/Documents/ECE153A/Artix7/lab3/backlitLCD/backlitLCD.sdk/SDK/SDK_Export/lcd_bsp/microblaze_0/libsrc/tmrctr_v3_0/src'
rm -rf *.o 
make[2]: Leaving directory `/usr9/research/chsegal/Documents/ECE153A/Artix7/lab3/backlitLCD/backlitLCD.sdk/SDK/SDK_Export/lcd_bsp/microblaze_0/libsrc/tmrctr_v3_0/src'
Running Make libs in microblaze_0/libsrc/uartlite_v3_0/src
make -C microblaze_0/libsrc/uartlite_v3_0/src -s libs -e "SHELL=/bin/sh" "COMPILER=mb-gcc" "ARCHIVER=mb-ar" "COMPILER_FLAGS= -O2 -c -mcpu=v9.3 -mlittle-endian -mxl-soft-mul" "EXTRA_COMPILER_FLAGS=-g -ffunction-sections -fdata-sections"
Compiling uartlite
make[2]: Entering directory `/usr9/research/chsegal/Documents/ECE153A/Artix7/lab3/backlitLCD/backlitLCD.sdk/SDK/SDK_Export/lcd_bsp/microblaze_0/libsrc/uartlite_v3_0/src'
rm -rf *.o 
make[2]: Leaving directory `/usr9/research/chsegal/Documents/ECE153A/Artix7/lab3/backlitLCD/backlitLCD.sdk/SDK/SDK_Export/lcd_bsp/microblaze_0/libsrc/uartlite_v3_0/src'
Finished building libraries
17:23:04 **** Auto Build of configuration Debug for project lcd ****
make all 
make: Nothing to be done for `all'.
17:23:04 **** Auto Build of configuration Debug for project demoTriState ****
make all 
make: Nothing to be done for `all'.
17:23:10 **** Auto Build of project lcd_bsp ****
make -k all 
Running Make include in microblaze_0/libsrc/bram_v4_0/src
make -C microblaze_0/libsrc/bram_v4_0/src -s include -e "SHELL=/bin/sh" "COMPILER=mb-gcc" "ARCHIVER=mb-ar" "COMPILER_FLAGS= -O2 -c -mcpu=v9.3 -mlittle-endian -mxl-soft-mul" "EXTRA_COMPILER_FLAGS=-g -ffunction-sections -fdata-sections"
Running Make include in microblaze_0/libsrc/cpu_v2_0/src
make -C microblaze_0/libsrc/cpu_v2_0/src -s include -e "SHELL=/bin/sh" "COMPILER=mb-gcc" "ARCHIVER=mb-ar" "COMPILER_FLAGS= -O2 -c -mcpu=v9.3 -mlittle-endian -mxl-soft-mul" "EXTRA_COMPILER_FLAGS=-g -ffunction-sections -fdata-sections"
Running Make include in microblaze_0/libsrc/gpio_v4_0/src
make -C microblaze_0/libsrc/gpio_v4_0/src -s include -e "SHELL=/bin/sh" "COMPILER=mb-gcc" "ARCHIVER=mb-ar" "COMPILER_FLAGS= -O2 -c -mcpu=v9.3 -mlittle-endian -mxl-soft-mul" "EXTRA_COMPILER_FLAGS=-g -ffunction-sections -fdata-sections"
Running Make include in microblaze_0/libsrc/intc_v3_0/src
make -C microblaze_0/libsrc/intc_v3_0/src -s include -e "SHELL=/bin/sh" "COMPILER=mb-gcc" "ARCHIVER=mb-ar" "COMPILER_FLAGS= -O2 -c -mcpu=v9.3 -mlittle-endian -mxl-soft-mul" "EXTRA_COMPILER_FLAGS=-g -ffunction-sections -fdata-sections"
Running Make include in microblaze_0/libsrc/standalone_v4_0/src
make -C microblaze_0/libsrc/standalone_v4_0/src -s include -e "SHELL=/bin/sh" "COMPILER=mb-gcc" "ARCHIVER=mb-ar" "COMPILER_FLAGS= -O2 -c -mcpu=v9.3 -mlittle-endian -mxl-soft-mul" "EXTRA_COMPILER_FLAGS=-g -ffunction-sections -fdata-sections"
make[2]: Entering directory `/usr9/research/chsegal/Documents/ECE153A/Artix7/lab3/backlitLCD/backlitLCD.sdk/SDK/SDK_Export/lcd_bsp/microblaze_0/libsrc/standalone_v4_0/src/profile'
cp -rf profile.h mblaze_nt_types.h _profile_timer_hw.h ../../../../include
make[2]: Leaving directory `/usr9/research/chsegal/Documents/ECE153A/Artix7/lab3/backlitLCD/backlitLCD.sdk/SDK/SDK_Export/lcd_bsp/microblaze_0/libsrc/standalone_v4_0/src/profile'
Running Make include in microblaze_0/libsrc/tmrctr_v3_0/src
make -C microblaze_0/libsrc/tmrctr_v3_0/src -s include -e "SHELL=/bin/sh" "COMPILER=mb-gcc" "ARCHIVER=mb-ar" "COMPILER_FLAGS= -O2 -c -mcpu=v9.3 -mlittle-endian -mxl-soft-mul" "EXTRA_COMPILER_FLAGS=-g -ffunction-sections -fdata-sections"
Running Make include in microblaze_0/libsrc/uartlite_v3_0/src
make -C microblaze_0/libsrc/uartlite_v3_0/src -s include -e "SHELL=/bin/sh" "COMPILER=mb-gcc" "ARCHIVER=mb-ar" "COMPILER_FLAGS= -O2 -c -mcpu=v9.3 -mlittle-endian -mxl-soft-mul" "EXTRA_COMPILER_FLAGS=-g -ffunction-sections -fdata-sections"
Running Make libs in microblaze_0/libsrc/bram_v4_0/src
make -C microblaze_0/libsrc/bram_v4_0/src -s libs -e "SHELL=/bin/sh" "COMPILER=mb-gcc" "ARCHIVER=mb-ar" "COMPILER_FLAGS= -O2 -c -mcpu=v9.3 -mlittle-endian -mxl-soft-mul" "EXTRA_COMPILER_FLAGS=-g -ffunction-sections -fdata-sections"
Compiling bram
make[2]: Entering directory `/usr9/research/chsegal/Documents/ECE153A/Artix7/lab3/backlitLCD/backlitLCD.sdk/SDK/SDK_Export/lcd_bsp/microblaze_0/libsrc/bram_v4_0/src'
rm -rf *.o 
make[2]: Leaving directory `/usr9/research/chsegal/Documents/ECE153A/Artix7/lab3/backlitLCD/backlitLCD.sdk/SDK/SDK_Export/lcd_bsp/microblaze_0/libsrc/bram_v4_0/src'
Running Make libs in microblaze_0/libsrc/cpu_v2_0/src
make -C microblaze_0/libsrc/cpu_v2_0/src -s libs -e "SHELL=/bin/sh" "COMPILER=mb-gcc" "ARCHIVER=mb-ar" "COMPILER_FLAGS= -O2 -c -mcpu=v9.3 -mlittle-endian -mxl-soft-mul" "EXTRA_COMPILER_FLAGS=-g -ffunction-sections -fdata-sections"
Compiling cpu
make[2]: Entering directory `/usr9/research/chsegal/Documents/ECE153A/Artix7/lab3/backlitLCD/backlitLCD.sdk/SDK/SDK_Export/lcd_bsp/microblaze_0/libsrc/cpu_v2_0/src'
rm -rf *.o
make[2]: Leaving directory `/usr9/research/chsegal/Documents/ECE153A/Artix7/lab3/backlitLCD/backlitLCD.sdk/SDK/SDK_Export/lcd_bsp/microblaze_0/libsrc/cpu_v2_0/src'
Running Make libs in microblaze_0/libsrc/gpio_v4_0/src
make -C microblaze_0/libsrc/gpio_v4_0/src -s libs -e "SHELL=/bin/sh" "COMPILER=mb-gcc" "ARCHIVER=mb-ar" "COMPILER_FLAGS= -O2 -c -mcpu=v9.3 -mlittle-endian -mxl-soft-mul" "EXTRA_COMPILER_FLAGS=-g -ffunction-sections -fdata-sections"
Compiling gpio
make[2]: Entering directory `/usr9/research/chsegal/Documents/ECE153A/Artix7/lab3/backlitLCD/backlitLCD.sdk/SDK/SDK_Export/lcd_bsp/microblaze_0/libsrc/gpio_v4_0/src'
rm -rf *.o 
make[2]: Leaving directory `/usr9/research/chsegal/Documents/ECE153A/Artix7/lab3/backlitLCD/backlitLCD.sdk/SDK/SDK_Export/lcd_bsp/microblaze_0/libsrc/gpio_v4_0/src'
Running Make libs in microblaze_0/libsrc/intc_v3_0/src
make -C microblaze_0/libsrc/intc_v3_0/src -s libs -e "SHELL=/bin/sh" "COMPILER=mb-gcc" "ARCHIVER=mb-ar" "COMPILER_FLAGS= -O2 -c -mcpu=v9.3 -mlittle-endian -mxl-soft-mul" "EXTRA_COMPILER_FLAGS=-g -ffunction-sections -fdata-sections"
Compiling intc
make[2]: Entering directory `/usr9/research/chsegal/Documents/ECE153A/Artix7/lab3/backlitLCD/backlitLCD.sdk/SDK/SDK_Export/lcd_bsp/microblaze_0/libsrc/intc_v3_0/src'
rm -rf *.o 
make[2]: Leaving directory `/usr9/research/chsegal/Documents/ECE153A/Artix7/lab3/backlitLCD/backlitLCD.sdk/SDK/SDK_Export/lcd_bsp/microblaze_0/libsrc/intc_v3_0/src'
Running Make libs in microblaze_0/libsrc/standalone_v4_0/src
make -C microblaze_0/libsrc/standalone_v4_0/src -s libs -e "SHELL=/bin/sh" "COMPILER=mb-gcc" "ARCHIVER=mb-ar" "COMPILER_FLAGS= -O2 -c -mcpu=v9.3 -mlittle-endian -mxl-soft-mul" "EXTRA_COMPILER_FLAGS=-g -ffunction-sections -fdata-sections"
Compiling standalone
Running Make libs in microblaze_0/libsrc/tmrctr_v3_0/src
make -C microblaze_0/libsrc/tmrctr_v3_0/src -s libs -e "SHELL=/bin/sh" "COMPILER=mb-gcc" "ARCHIVER=mb-ar" "COMPILER_FLAGS= -O2 -c -mcpu=v9.3 -mlittle-endian -mxl-soft-mul" "EXTRA_COMPILER_FLAGS=-g -ffunction-sections -fdata-sections"
Compiling tmrctr
make[2]: Entering directory `/usr9/research/chsegal/Documents/ECE153A/Artix7/lab3/backlitLCD/backlitLCD.sdk/SDK/SDK_Export/lcd_bsp/microblaze_0/libsrc/tmrctr_v3_0/src'
rm -rf *.o 
make[2]: Leaving directory `/usr9/research/chsegal/Documents/ECE153A/Artix7/lab3/backlitLCD/backlitLCD.sdk/SDK/SDK_Export/lcd_bsp/microblaze_0/libsrc/tmrctr_v3_0/src'
Running Make libs in microblaze_0/libsrc/uartlite_v3_0/src
make -C microblaze_0/libsrc/uartlite_v3_0/src -s libs -e "SHELL=/bin/sh" "COMPILER=mb-gcc" "ARCHIVER=mb-ar" "COMPILER_FLAGS= -O2 -c -mcpu=v9.3 -mlittle-endian -mxl-soft-mul" "EXTRA_COMPILER_FLAGS=-g -ffunction-sections -fdata-sections"
Compiling uartlite
make[2]: Entering directory `/usr9/research/chsegal/Documents/ECE153A/Artix7/lab3/backlitLCD/backlitLCD.sdk/SDK/SDK_Export/lcd_bsp/microblaze_0/libsrc/uartlite_v3_0/src'
rm -rf *.o 
make[2]: Leaving directory `/usr9/research/chsegal/Documents/ECE153A/Artix7/lab3/backlitLCD/backlitLCD.sdk/SDK/SDK_Export/lcd_bsp/microblaze_0/libsrc/uartlite_v3_0/src'
Finished building libraries
17:23:16 **** Auto Build of configuration Debug for project lcd ****
make all 
make: Nothing to be done for `all'.
17:23:16 **** Auto Build of configuration Debug for project demoTriState ****
make all 
make: Nothing to be done for `all'.
11:55:13 **** Auto Build of configuration Debug for project lcd ****
make all 
Building file: ../src/testperiph.c
Invoking: MicroBlaze gcc compiler
mb-gcc -Wall -O0 -g3 -c -fmessage-length=0 -I../../lcd_bsp/microblaze_0/include -mlittle-endian -mcpu=v9.3 -mxl-soft-mul -Wl,--no-relax -ffunction-sections -fdata-sections -MMD -MP -MF"src/testperiph.d" -MT"src/testperiph.d" -o "src/testperiph.o" "../src/testperiph.c"
../src/testperiph.c: In function 'main':
../src/testperiph.c:193:19: warning: unused variable 'axi_timer_0_Timer' [-Wunused-variable]
    static XTmrCtr axi_timer_0_Timer;
                   ^
../src/testperiph.c:192:17: warning: unused variable 'intc' [-Wunused-variable]
    static XIntc intc;
                 ^
Finished building: ../src/testperiph.c
 
Building target: lcd.elf
Invoking: MicroBlaze gcc linker
mb-gcc -Wl,-T -Wl,../src/lscript.ld -L../../lcd_bsp/microblaze_0/lib -mlittle-endian -mcpu=v9.3 -mxl-soft-mul -Wl,--no-relax -Wl,--gc-sections -o "lcd.elf"  ./src/testperiph.o ./src/xgpio_tapp_example.o ./src/xintc_tapp_example.o ./src/xtmrctr_intr_example.o ./src/xtmrctr_selftest_example.o   -Wl,--start-group,-lxil,-lgcc,-lc,--end-group
Finished building target: lcd.elf
 
Invoking: MicroBlaze Print Size
mb-size lcd.elf  |tee "lcd.elf.size"
   text	   data	    bss	    dec	    hex	filename
  11376	    340	   2092	  13808	   35f0	lcd.elf
Finished building: lcd.elf.size
 
